Sep 11 17:13:17 ip-172-19-16-129 journal: Runtime journal is using 8.0M (max allowed 3.0G, trying to leave 4.0G free of 30.7G available â†’ current limit 3.0G).
Sep 11 17:13:17 ip-172-19-16-129 kernel: Linux version 5.10.239-216.958.amzn2int.x86_64 (mockbuild@ip-10-0-38-166) (gcc10-gcc (GCC) 10.2.1 20210130 (Red Hat 10.2.1-11), GNU ld version 2.35-18.amzn2int.0.3) #1 SMP Tue Jul 15 11:41:15 UTC 2025
Sep 11 17:13:17 ip-172-19-16-129 kernel: Command line: BOOT_IMAGE=/boot/vmlinuz-5.10.239-216.958.amzn2int.x86_64 root=UUID=121a298e-bfe5-4442-984f-759e1e9798d2 ro console=tty0 console=ttyS0,115200n8 net.ifnames=0 biosdevname=0 nvme_core.io_timeout=4294967295 rd.emergency=poweroff rd.shell=0
Sep 11 17:13:17 ip-172-19-16-129 kernel: BIOS-provided physical RAM map:
Sep 11 17:13:17 ip-172-19-16-129 kernel: BIOS-e820: [mem 0x0000000000000000-0x000000000009fbff] usable
Sep 11 17:13:17 ip-172-19-16-129 kernel: BIOS-e820: [mem 0x000000000009fc00-0x000000000009ffff] reserved
Sep 11 17:13:17 ip-172-19-16-129 kernel: BIOS-e820: [mem 0x00000000000f0000-0x00000000000fffff] reserved
Sep 11 17:13:17 ip-172-19-16-129 kernel: BIOS-e820: [mem 0x0000000000100000-0x00000000bffe7fff] usable
Sep 11 17:13:17 ip-172-19-16-129 kernel: BIOS-e820: [mem 0x00000000bffe8000-0x00000000bfffffff] reserved
Sep 11 17:13:17 ip-172-19-16-129 kernel: BIOS-e820: [mem 0x00000000e0000000-0x00000000e03fffff] reserved
Sep 11 17:13:17 ip-172-19-16-129 kernel: BIOS-e820: [mem 0x00000000fffc0000-0x00000000ffffffff] reserved
Sep 11 17:13:17 ip-172-19-16-129 kernel: BIOS-e820: [mem 0x0000000100000000-0x0000000fe89fffff] usable
Sep 11 17:13:17 ip-172-19-16-129 kernel: BIOS-e820: [mem 0x0000000fe8a00000-0x000000103fffffff] reserved
Sep 11 17:13:17 ip-172-19-16-129 kernel: BIOS-e820: [mem 0x0000001040100000-0x0000001042bfffff] reserved
Sep 11 17:13:17 ip-172-19-16-129 kernel: NX (Execute Disable) protection: active
Sep 11 17:13:17 ip-172-19-16-129 kernel: SMBIOS 2.7 present.
Sep 11 17:13:17 ip-172-19-16-129 kernel: DMI: Amazon EC2 r7a.2xlarge/, BIOS 1.0 10/16/2017
Sep 11 17:13:17 ip-172-19-16-129 kernel: Hypervisor detected: KVM
Sep 11 17:13:17 ip-172-19-16-129 kernel: kvm-clock: Using msrs 4b564d01 and 4b564d00
Sep 11 17:13:17 ip-172-19-16-129 kernel: kvm-clock: cpu 0, msr 4c01001, primary cpu clock
Sep 11 17:13:17 ip-172-19-16-129 kernel: kvm-clock: using sched offset of 1941023662 cycles
Sep 11 17:13:17 ip-172-19-16-129 kernel: clocksource: kvm-clock: mask: 0xffffffffffffffff max_cycles: 0x1cd42e4dffb, max_idle_ns: 881590591483 ns
Sep 11 17:13:17 ip-172-19-16-129 kernel: tsc: Detected 2599.998 MHz processor
Sep 11 17:13:17 ip-172-19-16-129 kernel: last_pfn = 0xfe8a00 max_arch_pfn = 0x400000000
Sep 11 17:13:17 ip-172-19-16-129 kernel: x86/PAT: Configuration [0-7]: WB  WC  UC- UC  WB  WP  UC- WT  
Sep 11 17:13:17 ip-172-19-16-129 kernel: last_pfn = 0xbffe8 max_arch_pfn = 0x400000000
Sep 11 17:13:17 ip-172-19-16-129 kernel: check: Scanning 1 areas for low memory corruption
Sep 11 17:13:17 ip-172-19-16-129 kernel: Using GB pages for direct mapping
Sep 11 17:13:17 ip-172-19-16-129 kernel: RAMDISK: [mem 0x36999000-0x374c3fff]
Sep 11 17:13:17 ip-172-19-16-129 kernel: ACPI: Early table checksum verification disabled
Sep 11 17:13:17 ip-172-19-16-129 kernel: ACPI: RSDP 0x00000000000F8F00 000014 (v00 AMAZON)
Sep 11 17:13:17 ip-172-19-16-129 kernel: ACPI: RSDT 0x00000000BFFEC940 000048 (v01 AMAZON AMZNRSDT 00000001 AMZN 00000001)
Sep 11 17:13:17 ip-172-19-16-129 kernel: ACPI: WAET 0x00000000BFFEFFC0 000028 (v01 AMAZON AMZNWAET 00000001 AMZN 00000001)
Sep 11 17:13:17 ip-172-19-16-129 kernel: ACPI: SLIT 0x00000000BFFEFF40 00006C (v01 AMAZON AMZNSLIT 00000001 AMZN 00000001)
Sep 11 17:13:17 ip-172-19-16-129 kernel: ACPI: APIC 0x00000000BFFEFE80 0000A6 (v01 AMAZON AMZNAPIC 00000001 AMZN 00000001)
Sep 11 17:13:17 ip-172-19-16-129 kernel: ACPI: SRAT 0x00000000BFFEFD80 000100 (v01 AMAZON AMZNSRAT 00000001 AMZN 00000001)
Sep 11 17:13:17 ip-172-19-16-129 kernel: ACPI: FACP 0x00000000BFFEFC40 000114 (v01 AMAZON AMZNFACP 00000001 AMZN 00000001)
Sep 11 17:13:17 ip-172-19-16-129 kernel: ACPI: DSDT 0x00000000BFFEE580 00165D (v01 AMAZON AMZNDSDT 00000001 AMZN 00000001)
Sep 11 17:13:17 ip-172-19-16-129 kernel: ACPI: FACS 0x00000000000F8EC0 000040
Sep 11 17:13:17 ip-172-19-16-129 kernel: ACPI: HPET 0x00000000BFFEFC00 000038 (v01 AMAZON AMZNHPET 00000001 AMZN 00000001)
Sep 11 17:13:17 ip-172-19-16-129 kernel: ACPI: SSDT 0x00000000BFFECB40 001A3B (v01 AMAZON AMZNSSDT 00000001 AMZN 00000001)
Sep 11 17:13:17 ip-172-19-16-129 kernel: ACPI: SSDT 0x00000000BFFECA40 0000D1 (v01 AMAZON AMZNSSDT 00000001 AMZN 00000001)
Sep 11 17:13:17 ip-172-19-16-129 kernel: ACPI: MCFG 0x00000000BFFEC9C0 00004C (v01 AMAZON AMZNMCFG 00000001 AMZN 00000001)
Sep 11 17:13:17 ip-172-19-16-129 kernel: ACPI: Reserving WAET table memory at [mem 0xbffeffc0-0xbffeffe7]
Sep 11 17:13:17 ip-172-19-16-129 kernel: ACPI: Reserving SLIT table memory at [mem 0xbffeff40-0xbffeffab]
Sep 11 17:13:17 ip-172-19-16-129 kernel: ACPI: Reserving APIC table memory at [mem 0xbffefe80-0xbffeff25]
Sep 11 17:13:17 ip-172-19-16-129 kernel: ACPI: Reserving SRAT table memory at [mem 0xbffefd80-0xbffefe7f]
Sep 11 17:13:17 ip-172-19-16-129 kernel: ACPI: Reserving FACP table memory at [mem 0xbffefc40-0xbffefd53]
Sep 11 17:13:17 ip-172-19-16-129 kernel: ACPI: Reserving DSDT table memory at [mem 0xbffee580-0xbffefbdc]
Sep 11 17:13:17 ip-172-19-16-129 kernel: ACPI: Reserving FACS table memory at [mem 0xf8ec0-0xf8eff]
Sep 11 17:13:17 ip-172-19-16-129 kernel: ACPI: Reserving HPET table memory at [mem 0xbffefc00-0xbffefc37]
Sep 11 17:13:17 ip-172-19-16-129 kernel: ACPI: Reserving SSDT table memory at [mem 0xbffecb40-0xbffee57a]
Sep 11 17:13:17 ip-172-19-16-129 kernel: ACPI: Reserving SSDT table memory at [mem 0xbffeca40-0xbffecb10]
Sep 11 17:13:17 ip-172-19-16-129 kernel: ACPI: Reserving MCFG table memory at [mem 0xbffec9c0-0xbffeca0b]
Sep 11 17:13:17 ip-172-19-16-129 kernel: SRAT: PXM 0 -> APIC 0x00 -> Node 0
Sep 11 17:13:17 ip-172-19-16-129 kernel: SRAT: PXM 0 -> APIC 0x01 -> Node 0
Sep 11 17:13:17 ip-172-19-16-129 kernel: SRAT: PXM 0 -> APIC 0x02 -> Node 0
Sep 11 17:13:17 ip-172-19-16-129 kernel: SRAT: PXM 0 -> APIC 0x03 -> Node 0
Sep 11 17:13:17 ip-172-19-16-129 kernel: SRAT: PXM 0 -> APIC 0x04 -> Node 0
Sep 11 17:13:17 ip-172-19-16-129 kernel: SRAT: PXM 0 -> APIC 0x05 -> Node 0
Sep 11 17:13:17 ip-172-19-16-129 kernel: SRAT: PXM 0 -> APIC 0x06 -> Node 0
Sep 11 17:13:17 ip-172-19-16-129 kernel: SRAT: PXM 0 -> APIC 0x07 -> Node 0
Sep 11 17:13:17 ip-172-19-16-129 kernel: ACPI: SRAT: Node 0 PXM 0 [mem 0x00000000-0xbfffffff]
Sep 11 17:13:17 ip-172-19-16-129 kernel: ACPI: SRAT: Node 0 PXM 0 [mem 0x100000000-0x103fffffff]
Sep 11 17:13:17 ip-172-19-16-129 kernel: NUMA: Node 0 [mem 0x00000000-0xbfffffff] + [mem 0x100000000-0xfe89fffff] -> [mem 0x00000000-0xfe89fffff]
Sep 11 17:13:17 ip-172-19-16-129 kernel: NODE_DATA(0) allocated [mem 0xfe89d3000-0xfe89fcfff]
Sep 11 17:13:17 ip-172-19-16-129 kernel: Zone ranges:
Sep 11 17:13:17 ip-172-19-16-129 kernel:  DMA      [mem 0x0000000000001000-0x0000000000ffffff]
Sep 11 17:13:17 ip-172-19-16-129 kernel:  DMA32    [mem 0x0000000001000000-0x00000000ffffffff]
Sep 11 17:13:17 ip-172-19-16-129 kernel:  Normal   [mem 0x0000000100000000-0x0000000fe89fffff]
Sep 11 17:13:17 ip-172-19-16-129 kernel:  Device   empty
Sep 11 17:13:17 ip-172-19-16-129 kernel: Movable zone start for each node
Sep 11 17:13:17 ip-172-19-16-129 kernel: Early memory node ranges
Sep 11 17:13:17 ip-172-19-16-129 kernel:  node   0: [mem 0x0000000000001000-0x000000000009efff]
Sep 11 17:13:17 ip-172-19-16-129 kernel:  node   0: [mem 0x0000000000100000-0x00000000bffe7fff]
Sep 11 17:13:17 ip-172-19-16-129 kernel:  node   0: [mem 0x0000000100000000-0x0000000fe89fffff]
Sep 11 17:13:17 ip-172-19-16-129 kernel: Initmem setup node 0 [mem 0x0000000000001000-0x0000000fe89fffff]
Sep 11 17:13:17 ip-172-19-16-129 kernel: On node 0, zone DMA: 1 pages in unavailable ranges
Sep 11 17:13:17 ip-172-19-16-129 kernel: On node 0, zone DMA: 97 pages in unavailable ranges
Sep 11 17:13:17 ip-172-19-16-129 kernel: On node 0, zone Normal: 24 pages in unavailable ranges
Sep 11 17:13:17 ip-172-19-16-129 kernel: On node 0, zone Normal: 30208 pages in unavailable ranges
Sep 11 17:13:17 ip-172-19-16-129 kernel: ACPI: PM-Timer IO Port: 0xb008
Sep 11 17:13:17 ip-172-19-16-129 kernel: ACPI: LAPIC_NMI (acpi_id[0xff] dfl dfl lint[0x1])
Sep 11 17:13:17 ip-172-19-16-129 kernel: IOAPIC[0]: apic_id 0, version 32, address 0xfec00000, GSI 0-23
Sep 11 17:13:17 ip-172-19-16-129 kernel: ACPI: INT_SRC_OVR (bus 0 bus_irq 5 global_irq 5 high level)
Sep 11 17:13:17 ip-172-19-16-129 kernel: ACPI: INT_SRC_OVR (bus 0 bus_irq 9 global_irq 9 high level)
Sep 11 17:13:17 ip-172-19-16-129 kernel: ACPI: INT_SRC_OVR (bus 0 bus_irq 10 global_irq 10 high level)
Sep 11 17:13:17 ip-172-19-16-129 kernel: ACPI: INT_SRC_OVR (bus 0 bus_irq 11 global_irq 11 high level)
Sep 11 17:13:17 ip-172-19-16-129 kernel: Using ACPI (MADT) for SMP configuration information
Sep 11 17:13:17 ip-172-19-16-129 kernel: ACPI: HPET id: 0x8086a201 base: 0xfed00000
Sep 11 17:13:17 ip-172-19-16-129 kernel: smpboot: Allowing 8 CPUs, 0 hotplug CPUs
Sep 11 17:13:17 ip-172-19-16-129 kernel: kvm-guest: KVM setup pv remote TLB flush
Sep 11 17:13:17 ip-172-19-16-129 kernel: kvm-guest: setup PV sched yield
Sep 11 17:13:17 ip-172-19-16-129 kernel: PM: hibernation: Registered nosave memory: [mem 0x00000000-0x00000fff]
Sep 11 17:13:17 ip-172-19-16-129 kernel: PM: hibernation: Registered nosave memory: [mem 0x0009f000-0x000fffff]
Sep 11 17:13:17 ip-172-19-16-129 kernel: PM: hibernation: Registered nosave memory: [mem 0xbffe8000-0xffffffff]
Sep 11 17:13:17 ip-172-19-16-129 kernel: [mem 0xc0000000-0xdfffffff] available for PCI devices
Sep 11 17:13:17 ip-172-19-16-129 kernel: Booting paravirtualized kernel on KVM
Sep 11 17:13:17 ip-172-19-16-129 kernel: clocksource: refined-jiffies: mask: 0xffffffff max_cycles: 0xffffffff, max_idle_ns: 19112604462750000 ns
Sep 11 17:13:17 ip-172-19-16-129 kernel: setup_percpu: NR_CPUS:8192 nr_cpumask_bits:8 nr_cpu_ids:8 nr_node_ids:1
Sep 11 17:13:17 ip-172-19-16-129 kernel: percpu: Embedded 62 pages/cpu s217088 r8192 d28672 u262144
Sep 11 17:13:17 ip-172-19-16-129 kernel: kvm-guest: KVM setup async PF for cpu 0
Sep 11 17:13:17 ip-172-19-16-129 kernel: kvm-guest: stealtime: cpu 0, msr fa9a34080
Sep 11 17:13:17 ip-172-19-16-129 kernel: kvm-guest: PV spinlocks enabled
Sep 11 17:13:17 ip-172-19-16-129 kernel: PV qspinlock hash table entries: 256 (order: 0, 4096 bytes, linear)
Sep 11 17:13:17 ip-172-19-16-129 kernel: Built 1 zonelists, mobility grouping on.  Total pages: 16162633
Sep 11 17:13:17 ip-172-19-16-129 kernel: Policy zone: Normal
Sep 11 17:13:17 ip-172-19-16-129 kernel: Kernel command line: mmio_stale_data=off mds=off tsx=off tsx_async_abort=off intel_idle.max_cstate=0 BOOT_IMAGE=/boot/vmlinuz-5.10.239-216.958.amzn2int.x86_64 root=UUID=121a298e-bfe5-4442-984f-759e1e9798d2 ro console=tty0 console=ttyS0,115200n8 net.ifnames=0 biosdevname=0 nvme_core.io_timeout=4294967295 rd.emergency=poweroff rd.shell=0
Sep 11 17:13:17 ip-172-19-16-129 kernel: Fallback order for Node 0: 0 
Sep 11 17:13:17 ip-172-19-16-129 kernel: Dentry cache hash table entries: 8388608 (order: 14, 67108864 bytes, linear)
Sep 11 17:13:17 ip-172-19-16-129 kernel: Inode-cache hash table entries: 4194304 (order: 13, 33554432 bytes, linear)
Sep 11 17:13:17 ip-172-19-16-129 kernel: mem auto-init: stack:off, heap alloc:off, heap free:off
Sep 11 17:13:17 ip-172-19-16-129 kernel: Memory: 3135484K/65676824K available (14350K kernel code, 9677K rwdata, 8596K rodata, 2528K init, 20148K bss, 1269604K reserved, 0K cma-reserved)
Sep 11 17:13:17 ip-172-19-16-129 kernel: SLUB: HWalign=64, Order=0-3, MinObjects=0, CPUs=8, Nodes=1
Sep 11 17:13:17 ip-172-19-16-129 kernel: ftrace: allocating 42499 entries in 167 pages
Sep 11 17:13:17 ip-172-19-16-129 kernel: ftrace: allocated 167 pages with 5 groups
Sep 11 17:13:17 ip-172-19-16-129 kernel: rcu: Hierarchical RCU implementation.
Sep 11 17:13:17 ip-172-19-16-129 kernel: rcu: #011RCU restricting CPUs from NR_CPUS=8192 to nr_cpu_ids=8.
Sep 11 17:13:17 ip-172-19-16-129 kernel: #011Rude variant of Tasks RCU enabled.
Sep 11 17:13:17 ip-172-19-16-129 kernel: #011Tracing variant of Tasks RCU enabled.
Sep 11 17:13:17 ip-172-19-16-129 kernel: rcu: RCU calculated value of scheduler-enlistment delay is 10 jiffies.
Sep 11 17:13:17 ip-172-19-16-129 kernel: rcu: Adjusting geometry for rcu_fanout_leaf=16, nr_cpu_ids=8
Sep 11 17:13:17 ip-172-19-16-129 kernel: NR_IRQS: 524544, nr_irqs: 488, preallocated irqs: 16
Sep 11 17:13:17 ip-172-19-16-129 kernel: random: crng init done
Sep 11 17:13:17 ip-172-19-16-129 kernel: Console: colour VGA+ 80x25
Sep 11 17:13:17 ip-172-19-16-129 kernel: printk: console [tty0] enabled
Sep 11 17:13:17 ip-172-19-16-129 kernel: printk: console [ttyS0] enabled
Sep 11 17:13:17 ip-172-19-16-129 kernel: ACPI: Core revision 20200925
Sep 11 17:13:17 ip-172-19-16-129 kernel: clocksource: hpet: mask: 0xffffffff max_cycles: 0xffffffff, max_idle_ns: 30580167144 ns
Sep 11 17:13:17 ip-172-19-16-129 kernel: APIC: Switch to symmetric I/O mode setup
Sep 11 17:13:17 ip-172-19-16-129 kernel: x2apic enabled
Sep 11 17:13:17 ip-172-19-16-129 kernel: Switched APIC routing to physical x2apic.
Sep 11 17:13:17 ip-172-19-16-129 kernel: kvm-guest: setup PV IPIs
Sep 11 17:13:17 ip-172-19-16-129 kernel: ..TIMER: vector=0x30 apic1=0 pin1=0 apic2=-1 pin2=-1
Sep 11 17:13:17 ip-172-19-16-129 kernel: clocksource: tsc-early: mask: 0xffffffffffffffff max_cycles: 0x257a3a7b45f, max_idle_ns: 440795312762 ns
Sep 11 17:13:17 ip-172-19-16-129 kernel: Calibrating delay loop (skipped) preset value.. 5199.99 BogoMIPS (lpj=25999980)
Sep 11 17:13:17 ip-172-19-16-129 kernel: Last level iTLB entries: 4KB 512, 2MB 512, 4MB 256
Sep 11 17:13:17 ip-172-19-16-129 kernel: Last level dTLB entries: 4KB 3072, 2MB 3072, 4MB 1536, 1GB 0
Sep 11 17:13:17 ip-172-19-16-129 kernel: Spectre V1 : Mitigation: usercopy/swapgs barriers and __user pointer sanitization
Sep 11 17:13:17 ip-172-19-16-129 kernel: Spectre V2 : Mitigation: Enhanced / Automatic IBRS
Sep 11 17:13:17 ip-172-19-16-129 kernel: Spectre V2 : Spectre v2 / SpectreRSB mitigation: Filling RSB on context switch
Sep 11 17:13:17 ip-172-19-16-129 kernel: Spectre V2 : mitigation: Enabling conditional Indirect Branch Prediction Barrier
Sep 11 17:13:17 ip-172-19-16-129 kernel: Speculative Store Bypass: Mitigation: Speculative Store Bypass disabled via prctl and seccomp
Sep 11 17:13:17 ip-172-19-16-129 kernel: Speculative Return Stack Overflow: Mitigation: safe RET
Sep 11 17:13:17 ip-172-19-16-129 kernel: Transient Scheduler Attacks: Mitigation: enabled
Sep 11 17:13:17 ip-172-19-16-129 kernel: x86/fpu: Supporting XSAVE feature 0x001: 'x87 floating point registers'
Sep 11 17:13:17 ip-172-19-16-129 kernel: x86/fpu: Supporting XSAVE feature 0x002: 'SSE registers'
Sep 11 17:13:17 ip-172-19-16-129 kernel: x86/fpu: Supporting XSAVE feature 0x004: 'AVX registers'
Sep 11 17:13:17 ip-172-19-16-129 kernel: x86/fpu: Supporting XSAVE feature 0x020: 'AVX-512 opmask'
Sep 11 17:13:17 ip-172-19-16-129 kernel: x86/fpu: Supporting XSAVE feature 0x040: 'AVX-512 Hi256'
Sep 11 17:13:17 ip-172-19-16-129 kernel: x86/fpu: Supporting XSAVE feature 0x080: 'AVX-512 ZMM_Hi256'
Sep 11 17:13:17 ip-172-19-16-129 kernel: x86/fpu: Supporting XSAVE feature 0x200: 'Protection Keys User registers'
Sep 11 17:13:17 ip-172-19-16-129 kernel: x86/fpu: xstate_offset[2]:  576, xstate_sizes[2]:  256
Sep 11 17:13:17 ip-172-19-16-129 kernel: x86/fpu: xstate_offset[5]:  832, xstate_sizes[5]:   64
Sep 11 17:13:17 ip-172-19-16-129 kernel: x86/fpu: xstate_offset[6]:  896, xstate_sizes[6]:  512
Sep 11 17:13:17 ip-172-19-16-129 kernel: x86/fpu: xstate_offset[7]: 1408, xstate_sizes[7]: 1024
Sep 11 17:13:17 ip-172-19-16-129 kernel: x86/fpu: xstate_offset[9]: 2432, xstate_sizes[9]:    8
Sep 11 17:13:17 ip-172-19-16-129 kernel: x86/fpu: Enabled xstate features 0x2e7, context size is 2440 bytes, using 'compacted' format.
Sep 11 17:13:17 ip-172-19-16-129 kernel: Freeing SMP alternatives memory: 36K
Sep 11 17:13:17 ip-172-19-16-129 kernel: pid_max: default: 32768 minimum: 301
Sep 11 17:13:17 ip-172-19-16-129 kernel: LSM: Security Framework initializing
Sep 11 17:13:17 ip-172-19-16-129 kernel: Yama: becoming mindful.
Sep 11 17:13:17 ip-172-19-16-129 kernel: SELinux:  Initializing.
Sep 11 17:13:17 ip-172-19-16-129 kernel: LSM support for eBPF active
Sep 11 17:13:17 ip-172-19-16-129 kernel: Mount-cache hash table entries: 131072 (order: 8, 1048576 bytes, linear)
Sep 11 17:13:17 ip-172-19-16-129 kernel: Mountpoint-cache hash table entries: 131072 (order: 8, 1048576 bytes, linear)
Sep 11 17:13:17 ip-172-19-16-129 kernel: smpboot: CPU0: AMD EPYC 9R14 (family: 0x19, model: 0x11, stepping: 0x1)
Sep 11 17:13:17 ip-172-19-16-129 kernel: Performance Events: Fam17h+ core perfctr, AMD PMU driver.
Sep 11 17:13:17 ip-172-19-16-129 kernel: ... version:                0
Sep 11 17:13:17 ip-172-19-16-129 kernel: ... bit width:              48
Sep 11 17:13:17 ip-172-19-16-129 kernel: ... generic registers:      6
Sep 11 17:13:17 ip-172-19-16-129 kernel: ... value mask:             0000ffffffffffff
Sep 11 17:13:17 ip-172-19-16-129 kernel: ... max period:             00007fffffffffff
Sep 11 17:13:17 ip-172-19-16-129 kernel: ... fixed-purpose events:   0
Sep 11 17:13:17 ip-172-19-16-129 kernel: ... event mask:             000000000000003f
Sep 11 17:13:17 ip-172-19-16-129 kernel: rcu: Hierarchical SRCU implementation.
Sep 11 17:13:17 ip-172-19-16-129 kernel: smp: Bringing up secondary CPUs ...
Sep 11 17:13:17 ip-172-19-16-129 kernel: x86: Booting SMP configuration:
Sep 11 17:13:17 ip-172-19-16-129 kernel: .... node  #0, CPUs:      #1
Sep 11 17:13:17 ip-172-19-16-129 kernel: kvm-clock: cpu 1, msr 4c01041, secondary cpu clock
Sep 11 17:13:17 ip-172-19-16-129 kernel: kvm-guest: KVM setup async PF for cpu 1
Sep 11 17:13:17 ip-172-19-16-129 kernel: kvm-guest: stealtime: cpu 1, msr fa9a74080
Sep 11 17:13:17 ip-172-19-16-129 kernel: #2
Sep 11 17:13:17 ip-172-19-16-129 kernel: kvm-clock: cpu 2, msr 4c01081, secondary cpu clock
Sep 11 17:13:17 ip-172-19-16-129 kernel: kvm-guest: KVM setup async PF for cpu 2
Sep 11 17:13:17 ip-172-19-16-129 kernel: kvm-guest: stealtime: cpu 2, msr fa9ab4080
Sep 11 17:13:17 ip-172-19-16-129 kernel: #3
Sep 11 17:13:17 ip-172-19-16-129 kernel: kvm-clock: cpu 3, msr 4c010c1, secondary cpu clock
Sep 11 17:13:17 ip-172-19-16-129 kernel: kvm-guest: KVM setup async PF for cpu 3
Sep 11 17:13:17 ip-172-19-16-129 kernel: kvm-guest: stealtime: cpu 3, msr fa9af4080
Sep 11 17:13:17 ip-172-19-16-129 kernel: #4
Sep 11 17:13:17 ip-172-19-16-129 kernel: kvm-clock: cpu 4, msr 4c01101, secondary cpu clock
Sep 11 17:13:17 ip-172-19-16-129 kernel: kvm-guest: KVM setup async PF for cpu 4
Sep 11 17:13:17 ip-172-19-16-129 kernel: kvm-guest: stealtime: cpu 4, msr fa9b34080
Sep 11 17:13:17 ip-172-19-16-129 kernel: #5
Sep 11 17:13:17 ip-172-19-16-129 kernel: kvm-clock: cpu 5, msr 4c01141, secondary cpu clock
Sep 11 17:13:17 ip-172-19-16-129 kernel: kvm-guest: KVM setup async PF for cpu 5
Sep 11 17:13:17 ip-172-19-16-129 kernel: kvm-guest: stealtime: cpu 5, msr fa9b74080
Sep 11 17:13:17 ip-172-19-16-129 kernel: #6
Sep 11 17:13:17 ip-172-19-16-129 kernel: kvm-clock: cpu 6, msr 4c01181, secondary cpu clock
Sep 11 17:13:17 ip-172-19-16-129 kernel: kvm-guest: KVM setup async PF for cpu 6
Sep 11 17:13:17 ip-172-19-16-129 kernel: kvm-guest: stealtime: cpu 6, msr fa9bb4080
Sep 11 17:13:17 ip-172-19-16-129 kernel: #7
Sep 11 17:13:17 ip-172-19-16-129 kernel: kvm-clock: cpu 7, msr 4c011c1, secondary cpu clock
Sep 11 17:13:17 ip-172-19-16-129 kernel: kvm-guest: KVM setup async PF for cpu 7
Sep 11 17:13:17 ip-172-19-16-129 kernel: kvm-guest: stealtime: cpu 7, msr fa9bf4080
Sep 11 17:13:17 ip-172-19-16-129 kernel: smp: Brought up 1 node, 8 CPUs
Sep 11 17:13:17 ip-172-19-16-129 kernel: smpboot: Max logical packages: 1
Sep 11 17:13:17 ip-172-19-16-129 kernel: smpboot: Total of 8 processors activated (41599.96 BogoMIPS)
Sep 11 17:13:17 ip-172-19-16-129 kernel: node 0 deferred pages initialised in 40ms
Sep 11 17:13:17 ip-172-19-16-129 kernel: devtmpfs: initialized
Sep 11 17:13:17 ip-172-19-16-129 kernel: x86/mm: Memory block size: 128MB
Sep 11 17:13:17 ip-172-19-16-129 kernel: clocksource: jiffies: mask: 0xffffffff max_cycles: 0xffffffff, max_idle_ns: 19112604462750000 ns
Sep 11 17:13:17 ip-172-19-16-129 kernel: futex hash table entries: 2048 (order: 5, 131072 bytes, linear)
Sep 11 17:13:17 ip-172-19-16-129 kernel: NET: Registered protocol family 16
Sep 11 17:13:17 ip-172-19-16-129 kernel: DMA: preallocated 4096 KiB GFP_KERNEL pool for atomic allocations
Sep 11 17:13:17 ip-172-19-16-129 kernel: DMA: preallocated 4096 KiB GFP_KERNEL|GFP_DMA pool for atomic allocations
Sep 11 17:13:17 ip-172-19-16-129 kernel: DMA: preallocated 4096 KiB GFP_KERNEL|GFP_DMA32 pool for atomic allocations
Sep 11 17:13:17 ip-172-19-16-129 kernel: audit: initializing netlink subsys (disabled)
Sep 11 17:13:17 ip-172-19-16-129 kernel: audit: type=2000 audit(1757610794.560:1): state=initialized audit_enabled=0 res=1
Sep 11 17:13:17 ip-172-19-16-129 kernel: thermal_sys: Registered thermal governor 'fair_share'
Sep 11 17:13:17 ip-172-19-16-129 kernel: thermal_sys: Registered thermal governor 'step_wise'
Sep 11 17:13:17 ip-172-19-16-129 kernel: thermal_sys: Registered thermal governor 'user_space'
Sep 11 17:13:17 ip-172-19-16-129 kernel: cpuidle: using governor ladder
Sep 11 17:13:17 ip-172-19-16-129 kernel: cpuidle: using governor menu
Sep 11 17:13:17 ip-172-19-16-129 kernel: ACPI: bus type PCI registered
Sep 11 17:13:17 ip-172-19-16-129 kernel: acpiphp: ACPI Hot Plug PCI Controller Driver version: 0.5
Sep 11 17:13:17 ip-172-19-16-129 kernel: PCI: MMCONFIG for domain 0000 [bus 01-23] at [mem 0x1040100000-0x10423fffff] (base 0x1040000000)
Sep 11 17:13:17 ip-172-19-16-129 kernel: PCI: MMCONFIG for domain 0000 [bus 24-2b] at [mem 0x1042400000-0x1042bfffff] (base 0x1040000000)
Sep 11 17:13:17 ip-172-19-16-129 kernel: PCI: MMCONFIG at [mem 0x1040100000-0x10423fffff] reserved in E820
Sep 11 17:13:17 ip-172-19-16-129 kernel: PCI: MMCONFIG at [mem 0x1042400000-0x1042bfffff] reserved in E820
Sep 11 17:13:17 ip-172-19-16-129 kernel: PCI: Using configuration type 1 for base access
Sep 11 17:13:17 ip-172-19-16-129 kernel: Kprobes globally optimized
Sep 11 17:13:17 ip-172-19-16-129 kernel: HugeTLB registered 1.00 GiB page size, pre-allocated 0 pages
Sep 11 17:13:17 ip-172-19-16-129 kernel: HugeTLB registered 2.00 MiB page size, pre-allocated 0 pages
Sep 11 17:13:17 ip-172-19-16-129 kernel: ACPI: Added _OSI(Module Device)
Sep 11 17:13:17 ip-172-19-16-129 kernel: ACPI: Added _OSI(Processor Device)
Sep 11 17:13:17 ip-172-19-16-129 kernel: ACPI: Added _OSI(Processor Aggregator Device)
Sep 11 17:13:17 ip-172-19-16-129 kernel: ACPI: Added _OSI(Linux-Dell-Video)
Sep 11 17:13:17 ip-172-19-16-129 kernel: ACPI: Added _OSI(Linux-Lenovo-NV-HDMI-Audio)
Sep 11 17:13:17 ip-172-19-16-129 kernel: ACPI: Added _OSI(Linux-HPI-Hybrid-Graphics)
Sep 11 17:13:17 ip-172-19-16-129 kernel: ACPI: 3 ACPI AML tables successfully acquired and loaded
Sep 11 17:13:17 ip-172-19-16-129 kernel: ACPI: Interpreter enabled
Sep 11 17:13:17 ip-172-19-16-129 kernel: ACPI: (supports S0 S4 S5)
Sep 11 17:13:17 ip-172-19-16-129 kernel: ACPI: Using IOAPIC for interrupt routing
Sep 11 17:13:17 ip-172-19-16-129 kernel: PCI: Using host bridge windows from ACPI; if necessary, use "pci=nocrs" and report a bug
Sep 11 17:13:17 ip-172-19-16-129 kernel: ACPI: Enabled 2 GPEs in block 00 to 0F
Sep 11 17:13:17 ip-172-19-16-129 kernel: ACPI: PCI Root Bridge [PCI0] (domain 0000 [bus 00])
Sep 11 17:13:17 ip-172-19-16-129 kernel: acpi PNP0A03:00: _OSC: OS supports [ExtendedConfig ASPM ClockPM Segments MSI HPX-Type3]
Sep 11 17:13:17 ip-172-19-16-129 kernel: acpi PNP0A03:00: fail to add MMCONFIG information, can't access extended PCI configuration space under this bridge.
Sep 11 17:13:17 ip-172-19-16-129 kernel: acpiphp: Slot [3] registered
Sep 11 17:13:17 ip-172-19-16-129 kernel: acpiphp: Slot [4] registered
Sep 11 17:13:17 ip-172-19-16-129 kernel: acpiphp: Slot [5] registered
Sep 11 17:13:17 ip-172-19-16-129 kernel: acpiphp: Slot [6] registered
Sep 11 17:13:17 ip-172-19-16-129 kernel: acpiphp: Slot [7] registered
Sep 11 17:13:17 ip-172-19-16-129 kernel: acpiphp: Slot [8] registered
Sep 11 17:13:17 ip-172-19-16-129 kernel: acpiphp: Slot [9] registered
Sep 11 17:13:17 ip-172-19-16-129 kernel: acpiphp: Slot [10] registered
Sep 11 17:13:17 ip-172-19-16-129 kernel: acpiphp: Slot [11] registered
Sep 11 17:13:17 ip-172-19-16-129 kernel: acpiphp: Slot [12] registered
Sep 11 17:13:17 ip-172-19-16-129 kernel: acpiphp: Slot [13] registered
Sep 11 17:13:17 ip-172-19-16-129 kernel: acpiphp: Slot [14] registered
Sep 11 17:13:17 ip-172-19-16-129 kernel: acpiphp: Slot [15] registered
Sep 11 17:13:17 ip-172-19-16-129 kernel: acpiphp: Slot [16] registered
Sep 11 17:13:17 ip-172-19-16-129 kernel: acpiphp: Slot [17] registered
Sep 11 17:13:17 ip-172-19-16-129 kernel: acpiphp: Slot [18] registered
Sep 11 17:13:17 ip-172-19-16-129 kernel: acpiphp: Slot [19] registered
Sep 11 17:13:17 ip-172-19-16-129 kernel: acpiphp: Slot [20] registered
Sep 11 17:13:17 ip-172-19-16-129 kernel: acpiphp: Slot [21] registered
Sep 11 17:13:17 ip-172-19-16-129 kernel: acpiphp: Slot [22] registered
Sep 11 17:13:17 ip-172-19-16-129 kernel: acpiphp: Slot [23] registered
Sep 11 17:13:17 ip-172-19-16-129 kernel: acpiphp: Slot [24] registered
Sep 11 17:13:17 ip-172-19-16-129 kernel: acpiphp: Slot [25] registered
Sep 11 17:13:17 ip-172-19-16-129 kernel: acpiphp: Slot [26] registered
Sep 11 17:13:17 ip-172-19-16-129 kernel: acpiphp: Slot [27] registered
Sep 11 17:13:17 ip-172-19-16-129 kernel: acpiphp: Slot [28] registered
Sep 11 17:13:17 ip-172-19-16-129 kernel: acpiphp: Slot [29] registered
Sep 11 17:13:17 ip-172-19-16-129 kernel: acpiphp: Slot [30] registered
Sep 11 17:13:17 ip-172-19-16-129 kernel: acpiphp: Slot [31] registered
Sep 11 17:13:17 ip-172-19-16-129 kernel: PCI host bridge to bus 0000:00
Sep 11 17:13:17 ip-172-19-16-129 kernel: pci_bus 0000:00: root bus resource [io  0x0000-0x0cf7 window]
Sep 11 17:13:17 ip-172-19-16-129 kernel: pci_bus 0000:00: root bus resource [io  0x0d00-0xffff window]
Sep 11 17:13:17 ip-172-19-16-129 kernel: pci_bus 0000:00: root bus resource [mem 0x000a0000-0x000bffff window]
Sep 11 17:13:17 ip-172-19-16-129 kernel: pci_bus 0000:00: root bus resource [mem 0xc0000000-0xc3ffffff window]
Sep 11 17:13:17 ip-172-19-16-129 kernel: pci_bus 0000:00: root bus resource [mem 0x1080000000-0x1081ffffff window]
Sep 11 17:13:17 ip-172-19-16-129 kernel: pci 0000:00:00.0: [8086:1237] type 00 class 0x060000
Sep 11 17:13:17 ip-172-19-16-129 kernel: pci 0000:00:01.0: [8086:7000] type 00 class 0x060100
Sep 11 17:13:17 ip-172-19-16-129 kernel: pci 0000:00:01.3: [8086:7113] type 00 class 0x000000
Sep 11 17:13:17 ip-172-19-16-129 kernel: pci 0000:00:01.3: quirk: [io  0xb000-0xb03f] claimed by PIIX4 ACPI
Sep 11 17:13:17 ip-172-19-16-129 kernel: pci 0000:00:01.3: quirk: [io  0xb100-0xb10f] claimed by PIIX4 SMB
Sep 11 17:13:17 ip-172-19-16-129 kernel: pci 0000:00:01.3: PIIX4 devres E PIO at fff0-ffff
Sep 11 17:13:17 ip-172-19-16-129 kernel: pci 0000:00:01.3: PIIX4 devres F MMIO at ffc00000-ffffffff
Sep 11 17:13:17 ip-172-19-16-129 kernel: pci 0000:00:01.3: PIIX4 devres G PIO at fff0-ffff
Sep 11 17:13:17 ip-172-19-16-129 kernel: pci 0000:00:01.3: PIIX4 devres H MMIO at ffc00000-ffffffff
Sep 11 17:13:17 ip-172-19-16-129 kernel: pci 0000:00:01.3: PIIX4 devres I PIO at fff0-ffff
Sep 11 17:13:17 ip-172-19-16-129 kernel: pci 0000:00:01.3: PIIX4 devres J PIO at fff0-ffff
Sep 11 17:13:17 ip-172-19-16-129 kernel: pci 0000:00:01.3: quirk_piix4_acpi+0x0/0x170 took 29296 usecs
Sep 11 17:13:17 ip-172-19-16-129 kernel: pci 0000:00:03.0: [1d0f:1111] type 00 class 0x030000
Sep 11 17:13:17 ip-172-19-16-129 kernel: pci 0000:00:03.0: reg 0x10: [mem 0xc2000000-0xc23fffff pref]
Sep 11 17:13:17 ip-172-19-16-129 kernel: pci 0000:00:03.0: reg 0x30: [mem 0xc0000000-0xc000ffff pref]
Sep 11 17:13:17 ip-172-19-16-129 kernel: pci 0000:00:04.0: [1d0f:8061] type 00 class 0x010802
Sep 11 17:13:17 ip-172-19-16-129 kernel: pci 0000:00:04.0: reg 0x10: [mem 0xc0010000-0xc0013fff]
Sep 11 17:13:17 ip-172-19-16-129 kernel: pci 0000:00:04.0: enabling Extended Tags
Sep 11 17:13:17 ip-172-19-16-129 kernel: ACPI: PCI Root Bridge [PC01] (domain 0000 [bus 01-23])
Sep 11 17:13:17 ip-172-19-16-129 kernel: acpi PNP0A08:00: _OSC: OS supports [ExtendedConfig ASPM ClockPM Segments MSI HPX-Type3]
Sep 11 17:13:17 ip-172-19-16-129 kernel: acpi PNP0A08:00: _OSC: platform does not support [SHPCHotplug AER LTR]
Sep 11 17:13:17 ip-172-19-16-129 kernel: acpi PNP0A08:00: _OSC: OS now controls [PCIeHotplug PME PCIeCapability]
Sep 11 17:13:17 ip-172-19-16-129 kernel: acpiphp: Slot [32] registered
Sep 11 17:13:17 ip-172-19-16-129 kernel: acpiphp: Slot [33] registered
Sep 11 17:13:17 ip-172-19-16-129 kernel: acpiphp: Slot [34] registered
Sep 11 17:13:17 ip-172-19-16-129 kernel: acpiphp: Slot [35] registered
Sep 11 17:13:17 ip-172-19-16-129 kernel: acpiphp: Slot [36] registered
Sep 11 17:13:17 ip-172-19-16-129 kernel: acpiphp: Slot [37] registered
Sep 11 17:13:17 ip-172-19-16-129 kernel: acpiphp: Slot [38] registered
Sep 11 17:13:17 ip-172-19-16-129 kernel: acpiphp: Slot [39] registered
Sep 11 17:13:17 ip-172-19-16-129 kernel: acpiphp: Slot [40] registered
Sep 11 17:13:17 ip-172-19-16-129 kernel: acpiphp: Slot [41] registered
Sep 11 17:13:17 ip-172-19-16-129 kernel: acpiphp: Slot [42] registered
Sep 11 17:13:17 ip-172-19-16-129 kernel: acpiphp: Slot [43] registered
Sep 11 17:13:17 ip-172-19-16-129 kernel: acpiphp: Slot [44] registered
Sep 11 17:13:17 ip-172-19-16-129 kernel: acpiphp: Slot [45] registered
Sep 11 17:13:17 ip-172-19-16-129 kernel: acpiphp: Slot [46] registered
Sep 11 17:13:17 ip-172-19-16-129 kernel: acpiphp: Slot [47] registered
Sep 11 17:13:17 ip-172-19-16-129 kernel: acpiphp: Slot [48] registered
Sep 11 17:13:17 ip-172-19-16-129 kernel: acpiphp: Slot [49] registered
Sep 11 17:13:17 ip-172-19-16-129 kernel: acpiphp: Slot [50] registered
Sep 11 17:13:17 ip-172-19-16-129 kernel: acpiphp: Slot [51] registered
Sep 11 17:13:17 ip-172-19-16-129 kernel: acpiphp: Slot [52] registered
Sep 11 17:13:17 ip-172-19-16-129 kernel: acpiphp: Slot [53] registered
Sep 11 17:13:17 ip-172-19-16-129 kernel: acpiphp: Slot [54] registered
Sep 11 17:13:17 ip-172-19-16-129 kernel: acpiphp: Slot [55] registered
Sep 11 17:13:17 ip-172-19-16-129 kernel: acpiphp: Slot [56] registered
Sep 11 17:13:17 ip-172-19-16-129 kernel: acpiphp: Slot [57] registered
Sep 11 17:13:17 ip-172-19-16-129 kernel: acpiphp: Slot [58] registered
Sep 11 17:13:17 ip-172-19-16-129 kernel: acpiphp: Slot [59] registered
Sep 11 17:13:17 ip-172-19-16-129 kernel: acpiphp: Slot [60] registered
Sep 11 17:13:17 ip-172-19-16-129 kernel: acpiphp: Slot [61] registered
Sep 11 17:13:17 ip-172-19-16-129 kernel: acpiphp: Slot [62] registered
Sep 11 17:13:17 ip-172-19-16-129 kernel: acpiphp: Slot [63] registered
Sep 11 17:13:17 ip-172-19-16-129 kernel: PCI host bridge to bus 0000:01
Sep 11 17:13:17 ip-172-19-16-129 kernel: pci_bus 0000:01: root bus resource [mem 0xc4000000-0xc82fffff window]
Sep 11 17:13:17 ip-172-19-16-129 kernel: pci_bus 0000:01: root bus resource [mem 0x1082000000-0x10a1ffffff window]
Sep 11 17:13:17 ip-172-19-16-129 kernel: pci_bus 0000:01: root bus resource [bus 01-23]
Sep 11 17:13:17 ip-172-19-16-129 kernel: pci 0000:01:00.0: [1d0f:0200] type 01 class 0x060400
Sep 11 17:13:17 ip-172-19-16-129 kernel: pci 0000:01:00.0: reg 0x10: [mem 0xc4000000-0xc40003ff]
Sep 11 17:13:17 ip-172-19-16-129 kernel: pci 0000:02:00.0: [1d0f:0200] type 01 class 0x060400
Sep 11 17:13:17 ip-172-19-16-129 kernel: pci 0000:02:00.0: reg 0x10: [mem 0xc4100000-0xc41003ff]
Sep 11 17:13:17 ip-172-19-16-129 kernel: pci 0000:01:00.0: PCI bridge to [bus 02-23]
Sep 11 17:13:17 ip-172-19-16-129 kernel: pci 0000:01:00.0:   bridge window [io  0x0000-0x0fff]
Sep 11 17:13:17 ip-172-19-16-129 kernel: pci 0000:01:00.0:   bridge window [mem 0xc4100000-0xc82fffff]
Sep 11 17:13:17 ip-172-19-16-129 kernel: pci 0000:01:00.0:   bridge window [mem 0x1082000000-0x10a1ffffff 64bit pref]
Sep 11 17:13:17 ip-172-19-16-129 kernel: pci 0000:03:00.0: [1d0f:0200] type 01 class 0x060400
Sep 11 17:13:17 ip-172-19-16-129 kernel: pci 0000:03:00.0: reg 0x10: [mem 0xc4200000-0xc42003ff]
Sep 11 17:13:17 ip-172-19-16-129 kernel: pci 0000:03:00.1: [1d0f:0200] type 01 class 0x060400
Sep 11 17:13:17 ip-172-19-16-129 kernel: pci 0000:03:00.1: reg 0x10: [mem 0xc4200400-0xc42007ff]
Sep 11 17:13:17 ip-172-19-16-129 kernel: pci 0000:03:00.2: [1d0f:0200] type 01 class 0x060400
Sep 11 17:13:17 ip-172-19-16-129 kernel: pci 0000:03:00.2: reg 0x10: [mem 0xc4200800-0xc4200bff]
Sep 11 17:13:17 ip-172-19-16-129 kernel: pci 0000:03:00.3: [1d0f:0200] type 01 class 0x060400
Sep 11 17:13:17 ip-172-19-16-129 kernel: pci 0000:03:00.3: reg 0x10: [mem 0xc4200c00-0xc4200fff]
Sep 11 17:13:17 ip-172-19-16-129 kernel: pci 0000:03:00.4: [1d0f:0200] type 01 class 0x060400
Sep 11 17:13:17 ip-172-19-16-129 kernel: pci 0000:03:00.4: reg 0x10: [mem 0xc4201000-0xc42013ff]
Sep 11 17:13:17 ip-172-19-16-129 kernel: pci 0000:03:00.5: [1d0f:0200] type 01 class 0x060400
Sep 11 17:13:17 ip-172-19-16-129 kernel: pci 0000:03:00.5: reg 0x10: [mem 0xc4201400-0xc42017ff]
Sep 11 17:13:17 ip-172-19-16-129 kernel: pci 0000:03:00.6: [1d0f:0200] type 01 class 0x060400
Sep 11 17:13:17 ip-172-19-16-129 kernel: pci 0000:03:00.6: reg 0x10: [mem 0xc4201800-0xc4201bff]
Sep 11 17:13:17 ip-172-19-16-129 kernel: pci 0000:03:00.7: [1d0f:0200] type 01 class 0x060400
Sep 11 17:13:17 ip-172-19-16-129 kernel: pci 0000:03:00.7: reg 0x10: [mem 0xc4201c00-0xc4201fff]
Sep 11 17:13:17 ip-172-19-16-129 kernel: pci 0000:03:01.0: [1d0f:0200] type 01 class 0x060400
Sep 11 17:13:17 ip-172-19-16-129 kernel: pci 0000:03:01.0: reg 0x10: [mem 0xc4202000-0xc42023ff]
Sep 11 17:13:17 ip-172-19-16-129 kernel: pci 0000:03:01.1: [1d0f:0200] type 01 class 0x060400
Sep 11 17:13:17 ip-172-19-16-129 kernel: pci 0000:03:01.1: reg 0x10: [mem 0xc4202400-0xc42027ff]
Sep 11 17:13:17 ip-172-19-16-129 kernel: pci 0000:03:01.2: [1d0f:0200] type 01 class 0x060400
Sep 11 17:13:17 ip-172-19-16-129 kernel: pci 0000:03:01.2: reg 0x10: [mem 0xc4202800-0xc4202bff]
Sep 11 17:13:17 ip-172-19-16-129 kernel: pci 0000:03:01.3: [1d0f:0200] type 01 class 0x060400
Sep 11 17:13:17 ip-172-19-16-129 kernel: pci 0000:03:01.3: reg 0x10: [mem 0xc4202c00-0xc4202fff]
Sep 11 17:13:17 ip-172-19-16-129 kernel: pci 0000:03:01.4: [1d0f:0200] type 01 class 0x060400
Sep 11 17:13:17 ip-172-19-16-129 kernel: pci 0000:03:01.4: reg 0x10: [mem 0xc4203000-0xc42033ff]
Sep 11 17:13:17 ip-172-19-16-129 kernel: pci 0000:03:01.5: [1d0f:0200] type 01 class 0x060400
Sep 11 17:13:17 ip-172-19-16-129 kernel: pci 0000:03:01.5: reg 0x10: [mem 0xc4203400-0xc42037ff]
Sep 11 17:13:17 ip-172-19-16-129 kernel: pci 0000:03:01.6: [1d0f:0200] type 01 class 0x060400
Sep 11 17:13:17 ip-172-19-16-129 kernel: pci 0000:03:01.6: reg 0x10: [mem 0xc4203800-0xc4203bff]
Sep 11 17:13:17 ip-172-19-16-129 kernel: pci 0000:03:01.7: [1d0f:0200] type 01 class 0x060400
Sep 11 17:13:17 ip-172-19-16-129 kernel: pci 0000:03:01.7: reg 0x10: [mem 0xc4203c00-0xc4203fff]
Sep 11 17:13:17 ip-172-19-16-129 kernel: pci 0000:03:02.0: [1d0f:0200] type 01 class 0x060400
Sep 11 17:13:17 ip-172-19-16-129 kernel: pci 0000:03:02.0: reg 0x10: [mem 0xc4204000-0xc42043ff]
Sep 11 17:13:17 ip-172-19-16-129 kernel: pci 0000:03:02.1: [1d0f:0200] type 01 class 0x060400
Sep 11 17:13:17 ip-172-19-16-129 kernel: pci 0000:03:02.1: reg 0x10: [mem 0xc4204400-0xc42047ff]
Sep 11 17:13:17 ip-172-19-16-129 kernel: pci 0000:03:02.2: [1d0f:0200] type 01 class 0x060400
Sep 11 17:13:17 ip-172-19-16-129 kernel: pci 0000:03:02.2: reg 0x10: [mem 0xc4204800-0xc4204bff]
Sep 11 17:13:17 ip-172-19-16-129 kernel: pci 0000:03:02.3: [1d0f:0200] type 01 class 0x060400
Sep 11 17:13:17 ip-172-19-16-129 kernel: pci 0000:03:02.3: reg 0x10: [mem 0xc4204c00-0xc4204fff]
Sep 11 17:13:17 ip-172-19-16-129 kernel: pci 0000:03:02.4: [1d0f:0200] type 01 class 0x060400
Sep 11 17:13:17 ip-172-19-16-129 kernel: pci 0000:03:02.4: reg 0x10: [mem 0xc4205000-0xc42053ff]
Sep 11 17:13:17 ip-172-19-16-129 kernel: pci 0000:03:02.5: [1d0f:0200] type 01 class 0x060400
Sep 11 17:13:17 ip-172-19-16-129 kernel: pci 0000:03:02.5: reg 0x10: [mem 0xc4205400-0xc42057ff]
Sep 11 17:13:17 ip-172-19-16-129 kernel: pci 0000:03:02.6: [1d0f:0200] type 01 class 0x060400
Sep 11 17:13:17 ip-172-19-16-129 kernel: pci 0000:03:02.6: reg 0x10: [mem 0xc4205800-0xc4205bff]
Sep 11 17:13:17 ip-172-19-16-129 kernel: pci 0000:03:02.7: [1d0f:0200] type 01 class 0x060400
Sep 11 17:13:17 ip-172-19-16-129 kernel: pci 0000:03:02.7: reg 0x10: [mem 0xc4205c00-0xc4205fff]
Sep 11 17:13:17 ip-172-19-16-129 kernel: pci 0000:03:03.0: [1d0f:0200] type 01 class 0x060400
Sep 11 17:13:17 ip-172-19-16-129 kernel: pci 0000:03:03.0: reg 0x10: [mem 0xc4206000-0xc42063ff]
Sep 11 17:13:17 ip-172-19-16-129 kernel: pci 0000:03:03.1: [1d0f:0200] type 01 class 0x060400
Sep 11 17:13:17 ip-172-19-16-129 kernel: pci 0000:03:03.1: reg 0x10: [mem 0xc4206400-0xc42067ff]
Sep 11 17:13:17 ip-172-19-16-129 kernel: pci 0000:03:03.2: [1d0f:0200] type 01 class 0x060400
Sep 11 17:13:17 ip-172-19-16-129 kernel: pci 0000:03:03.2: reg 0x10: [mem 0xc4206800-0xc4206bff]
Sep 11 17:13:17 ip-172-19-16-129 kernel: pci 0000:03:03.3: [1d0f:0200] type 01 class 0x060400
Sep 11 17:13:17 ip-172-19-16-129 kernel: pci 0000:03:03.3: reg 0x10: [mem 0xc4206c00-0xc4206fff]
Sep 11 17:13:17 ip-172-19-16-129 kernel: pci 0000:03:03.4: [1d0f:0200] type 01 class 0x060400
Sep 11 17:13:17 ip-172-19-16-129 kernel: pci 0000:03:03.4: reg 0x10: [mem 0xc4207000-0xc42073ff]
Sep 11 17:13:17 ip-172-19-16-129 kernel: pci 0000:03:03.5: [1d0f:0200] type 01 class 0x060400
Sep 11 17:13:17 ip-172-19-16-129 kernel: pci 0000:03:03.5: reg 0x10: [mem 0xc4207400-0xc42077ff]
Sep 11 17:13:17 ip-172-19-16-129 kernel: pci 0000:03:03.6: [1d0f:0200] type 01 class 0x060400
Sep 11 17:13:17 ip-172-19-16-129 kernel: pci 0000:03:03.6: reg 0x10: [mem 0xc4207800-0xc4207bff]
Sep 11 17:13:17 ip-172-19-16-129 kernel: pci 0000:03:03.7: [1d0f:0200] type 01 class 0x060400
Sep 11 17:13:17 ip-172-19-16-129 kernel: pci 0000:03:03.7: reg 0x10: [mem 0xc4207c00-0xc4207fff]
Sep 11 17:13:17 ip-172-19-16-129 kernel: pci 0000:02:00.0: PCI bridge to [bus 03-23]
Sep 11 17:13:17 ip-172-19-16-129 kernel: pci 0000:02:00.0:   bridge window [io  0x0000-0x0fff]
Sep 11 17:13:17 ip-172-19-16-129 kernel: pci 0000:02:00.0:   bridge window [mem 0xc4200000-0xc82fffff]
Sep 11 17:13:17 ip-172-19-16-129 kernel: pci 0000:02:00.0:   bridge window [mem 0x1082000000-0x10a1ffffff 64bit pref]
Sep 11 17:13:17 ip-172-19-16-129 kernel: pci 0000:03:00.0: PCI bridge to [bus 04]
Sep 11 17:13:17 ip-172-19-16-129 kernel: pci 0000:03:00.0:   bridge window [io  0x0000-0x0fff]
Sep 11 17:13:17 ip-172-19-16-129 kernel: pci 0000:03:00.0:   bridge window [mem 0xc4300000-0xc44fffff]
Sep 11 17:13:17 ip-172-19-16-129 kernel: pci 0000:03:00.0:   bridge window [mem 0x1082000000-0x1082ffffff 64bit pref]
Sep 11 17:13:17 ip-172-19-16-129 kernel: pci 0000:03:00.1: PCI bridge to [bus 05]
Sep 11 17:13:17 ip-172-19-16-129 kernel: pci 0000:03:00.1:   bridge window [io  0x0000-0x0fff]
Sep 11 17:13:17 ip-172-19-16-129 kernel: pci 0000:03:00.1:   bridge window [mem 0xc4500000-0xc46fffff]
Sep 11 17:13:17 ip-172-19-16-129 kernel: pci 0000:03:00.1:   bridge window [mem 0x1083000000-0x1083ffffff 64bit pref]
Sep 11 17:13:17 ip-172-19-16-129 kernel: pci 0000:03:00.2: PCI bridge to [bus 06]
Sep 11 17:13:17 ip-172-19-16-129 kernel: pci 0000:03:00.2:   bridge window [io  0x0000-0x0fff]
Sep 11 17:13:17 ip-172-19-16-129 kernel: pci 0000:03:00.2:   bridge window [mem 0xc4700000-0xc48fffff]
Sep 11 17:13:17 ip-172-19-16-129 kernel: pci 0000:03:00.2:   bridge window [mem 0x1084000000-0x1084ffffff 64bit pref]
Sep 11 17:13:17 ip-172-19-16-129 kernel: pci 0000:03:00.3: PCI bridge to [bus 07]
Sep 11 17:13:17 ip-172-19-16-129 kernel: pci 0000:03:00.3:   bridge window [io  0x0000-0x0fff]
Sep 11 17:13:17 ip-172-19-16-129 kernel: pci 0000:03:00.3:   bridge window [mem 0xc4900000-0xc4afffff]
Sep 11 17:13:17 ip-172-19-16-129 kernel: pci 0000:03:00.3:   bridge window [mem 0x1085000000-0x1085ffffff 64bit pref]
Sep 11 17:13:17 ip-172-19-16-129 kernel: pci 0000:03:00.4: PCI bridge to [bus 08]
Sep 11 17:13:17 ip-172-19-16-129 kernel: pci 0000:03:00.4:   bridge window [io  0x0000-0x0fff]
Sep 11 17:13:17 ip-172-19-16-129 kernel: pci 0000:03:00.4:   bridge window [mem 0xc4b00000-0xc4cfffff]
Sep 11 17:13:17 ip-172-19-16-129 kernel: pci 0000:03:00.4:   bridge window [mem 0x1086000000-0x1086ffffff 64bit pref]
Sep 11 17:13:17 ip-172-19-16-129 kernel: pci 0000:03:00.5: PCI bridge to [bus 09]
Sep 11 17:13:17 ip-172-19-16-129 kernel: pci 0000:03:00.5:   bridge window [io  0x0000-0x0fff]
Sep 11 17:13:17 ip-172-19-16-129 kernel: pci 0000:03:00.5:   bridge window [mem 0xc4d00000-0xc4efffff]
Sep 11 17:13:17 ip-172-19-16-129 kernel: pci 0000:03:00.5:   bridge window [mem 0x1087000000-0x1087ffffff 64bit pref]
Sep 11 17:13:17 ip-172-19-16-129 kernel: pci 0000:03:00.6: PCI bridge to [bus 0a]
Sep 11 17:13:17 ip-172-19-16-129 kernel: pci 0000:03:00.6:   bridge window [io  0x0000-0x0fff]
Sep 11 17:13:17 ip-172-19-16-129 kernel: pci 0000:03:00.6:   bridge window [mem 0xc4f00000-0xc50fffff]
Sep 11 17:13:17 ip-172-19-16-129 kernel: pci 0000:03:00.6:   bridge window [mem 0x1088000000-0x1088ffffff 64bit pref]
Sep 11 17:13:17 ip-172-19-16-129 kernel: pci 0000:03:00.7: PCI bridge to [bus 0b]
Sep 11 17:13:17 ip-172-19-16-129 kernel: pci 0000:03:00.7:   bridge window [io  0x0000-0x0fff]
Sep 11 17:13:17 ip-172-19-16-129 kernel: pci 0000:03:00.7:   bridge window [mem 0xc5100000-0xc52fffff]
Sep 11 17:13:17 ip-172-19-16-129 kernel: pci 0000:03:00.7:   bridge window [mem 0x1089000000-0x1089ffffff 64bit pref]
Sep 11 17:13:17 ip-172-19-16-129 kernel: pci 0000:03:01.0: PCI bridge to [bus 0c]
Sep 11 17:13:17 ip-172-19-16-129 kernel: pci 0000:03:01.0:   bridge window [io  0x0000-0x0fff]
Sep 11 17:13:17 ip-172-19-16-129 kernel: pci 0000:03:01.0:   bridge window [mem 0xc5300000-0xc54fffff]
Sep 11 17:13:17 ip-172-19-16-129 kernel: pci 0000:03:01.0:   bridge window [mem 0x108a000000-0x108affffff 64bit pref]
Sep 11 17:13:17 ip-172-19-16-129 kernel: pci 0000:03:01.1: PCI bridge to [bus 0d]
Sep 11 17:13:17 ip-172-19-16-129 kernel: pci 0000:03:01.1:   bridge window [io  0x0000-0x0fff]
Sep 11 17:13:17 ip-172-19-16-129 kernel: pci 0000:03:01.1:   bridge window [mem 0xc5500000-0xc56fffff]
Sep 11 17:13:17 ip-172-19-16-129 kernel: pci 0000:03:01.1:   bridge window [mem 0x108b000000-0x108bffffff 64bit pref]
Sep 11 17:13:17 ip-172-19-16-129 kernel: pci 0000:03:01.2: PCI bridge to [bus 0e]
Sep 11 17:13:17 ip-172-19-16-129 kernel: pci 0000:03:01.2:   bridge window [io  0x0000-0x0fff]
Sep 11 17:13:17 ip-172-19-16-129 kernel: pci 0000:03:01.2:   bridge window [mem 0xc5700000-0xc58fffff]
Sep 11 17:13:17 ip-172-19-16-129 kernel: pci 0000:03:01.2:   bridge window [mem 0x108c000000-0x108cffffff 64bit pref]
Sep 11 17:13:17 ip-172-19-16-129 kernel: pci 0000:03:01.3: PCI bridge to [bus 0f]
Sep 11 17:13:17 ip-172-19-16-129 kernel: pci 0000:03:01.3:   bridge window [io  0x0000-0x0fff]
Sep 11 17:13:17 ip-172-19-16-129 kernel: pci 0000:03:01.3:   bridge window [mem 0xc5900000-0xc5afffff]
Sep 11 17:13:17 ip-172-19-16-129 kernel: pci 0000:03:01.3:   bridge window [mem 0x108d000000-0x108dffffff 64bit pref]
Sep 11 17:13:17 ip-172-19-16-129 kernel: pci 0000:03:01.4: PCI bridge to [bus 10]
Sep 11 17:13:17 ip-172-19-16-129 kernel: pci 0000:03:01.4:   bridge window [io  0x0000-0x0fff]
Sep 11 17:13:17 ip-172-19-16-129 kernel: pci 0000:03:01.4:   bridge window [mem 0xc5b00000-0xc5cfffff]
Sep 11 17:13:17 ip-172-19-16-129 kernel: pci 0000:03:01.4:   bridge window [mem 0x108e000000-0x108effffff 64bit pref]
Sep 11 17:13:17 ip-172-19-16-129 kernel: pci 0000:03:01.5: PCI bridge to [bus 11]
Sep 11 17:13:17 ip-172-19-16-129 kernel: pci 0000:03:01.5:   bridge window [io  0x0000-0x0fff]
Sep 11 17:13:17 ip-172-19-16-129 kernel: pci 0000:03:01.5:   bridge window [mem 0xc5d00000-0xc5efffff]
Sep 11 17:13:17 ip-172-19-16-129 kernel: pci 0000:03:01.5:   bridge window [mem 0x108f000000-0x108fffffff 64bit pref]
Sep 11 17:13:17 ip-172-19-16-129 kernel: pci 0000:03:01.6: PCI bridge to [bus 12]
Sep 11 17:13:17 ip-172-19-16-129 kernel: pci 0000:03:01.6:   bridge window [io  0x0000-0x0fff]
Sep 11 17:13:17 ip-172-19-16-129 kernel: pci 0000:03:01.6:   bridge window [mem 0xc5f00000-0xc60fffff]
Sep 11 17:13:17 ip-172-19-16-129 kernel: pci 0000:03:01.6:   bridge window [mem 0x1090000000-0x1090ffffff 64bit pref]
Sep 11 17:13:17 ip-172-19-16-129 kernel: pci 0000:03:01.7: PCI bridge to [bus 13]
Sep 11 17:13:17 ip-172-19-16-129 kernel: pci 0000:03:01.7:   bridge window [io  0x0000-0x0fff]
Sep 11 17:13:17 ip-172-19-16-129 kernel: pci 0000:03:01.7:   bridge window [mem 0xc6100000-0xc62fffff]
Sep 11 17:13:17 ip-172-19-16-129 kernel: pci 0000:03:01.7:   bridge window [mem 0x1091000000-0x1091ffffff 64bit pref]
Sep 11 17:13:17 ip-172-19-16-129 kernel: pci 0000:03:02.0: PCI bridge to [bus 14]
Sep 11 17:13:17 ip-172-19-16-129 kernel: pci 0000:03:02.0:   bridge window [io  0x0000-0x0fff]
Sep 11 17:13:17 ip-172-19-16-129 kernel: pci 0000:03:02.0:   bridge window [mem 0xc6300000-0xc64fffff]
Sep 11 17:13:17 ip-172-19-16-129 kernel: pci 0000:03:02.0:   bridge window [mem 0x1092000000-0x1092ffffff 64bit pref]
Sep 11 17:13:17 ip-172-19-16-129 kernel: pci 0000:03:02.1: PCI bridge to [bus 15]
Sep 11 17:13:17 ip-172-19-16-129 kernel: pci 0000:03:02.1:   bridge window [io  0x0000-0x0fff]
Sep 11 17:13:17 ip-172-19-16-129 kernel: pci 0000:03:02.1:   bridge window [mem 0xc6500000-0xc66fffff]
Sep 11 17:13:17 ip-172-19-16-129 kernel: pci 0000:03:02.1:   bridge window [mem 0x1093000000-0x1093ffffff 64bit pref]
Sep 11 17:13:17 ip-172-19-16-129 kernel: pci 0000:03:02.2: PCI bridge to [bus 16]
Sep 11 17:13:17 ip-172-19-16-129 kernel: pci 0000:03:02.2:   bridge window [io  0x0000-0x0fff]
Sep 11 17:13:17 ip-172-19-16-129 kernel: pci 0000:03:02.2:   bridge window [mem 0xc6700000-0xc68fffff]
Sep 11 17:13:17 ip-172-19-16-129 kernel: pci 0000:03:02.2:   bridge window [mem 0x1094000000-0x1094ffffff 64bit pref]
Sep 11 17:13:17 ip-172-19-16-129 kernel: pci 0000:03:02.3: PCI bridge to [bus 17]
Sep 11 17:13:17 ip-172-19-16-129 kernel: pci 0000:03:02.3:   bridge window [io  0x0000-0x0fff]
Sep 11 17:13:17 ip-172-19-16-129 kernel: pci 0000:03:02.3:   bridge window [mem 0xc6900000-0xc6afffff]
Sep 11 17:13:17 ip-172-19-16-129 kernel: pci 0000:03:02.3:   bridge window [mem 0x1095000000-0x1095ffffff 64bit pref]
Sep 11 17:13:17 ip-172-19-16-129 kernel: pci 0000:03:02.4: PCI bridge to [bus 18]
Sep 11 17:13:17 ip-172-19-16-129 kernel: pci 0000:03:02.4:   bridge window [io  0x0000-0x0fff]
Sep 11 17:13:17 ip-172-19-16-129 kernel: pci 0000:03:02.4:   bridge window [mem 0xc6b00000-0xc6cfffff]
Sep 11 17:13:17 ip-172-19-16-129 kernel: pci 0000:03:02.4:   bridge window [mem 0x1096000000-0x1096ffffff 64bit pref]
Sep 11 17:13:17 ip-172-19-16-129 kernel: pci 0000:03:02.5: PCI bridge to [bus 19]
Sep 11 17:13:17 ip-172-19-16-129 kernel: pci 0000:03:02.5:   bridge window [io  0x0000-0x0fff]
Sep 11 17:13:17 ip-172-19-16-129 kernel: pci 0000:03:02.5:   bridge window [mem 0xc6d00000-0xc6efffff]
Sep 11 17:13:17 ip-172-19-16-129 kernel: pci 0000:03:02.5:   bridge window [mem 0x1097000000-0x1097ffffff 64bit pref]
Sep 11 17:13:17 ip-172-19-16-129 kernel: pci 0000:03:02.6: PCI bridge to [bus 1a]
Sep 11 17:13:17 ip-172-19-16-129 kernel: pci 0000:03:02.6:   bridge window [io  0x0000-0x0fff]
Sep 11 17:13:17 ip-172-19-16-129 kernel: pci 0000:03:02.6:   bridge window [mem 0xc6f00000-0xc70fffff]
Sep 11 17:13:17 ip-172-19-16-129 kernel: pci 0000:03:02.6:   bridge window [mem 0x1098000000-0x1098ffffff 64bit pref]
Sep 11 17:13:17 ip-172-19-16-129 kernel: pci 0000:03:02.7: PCI bridge to [bus 1b]
Sep 11 17:13:17 ip-172-19-16-129 kernel: pci 0000:03:02.7:   bridge window [io  0x0000-0x0fff]
Sep 11 17:13:17 ip-172-19-16-129 kernel: pci 0000:03:02.7:   bridge window [mem 0xc7100000-0xc72fffff]
Sep 11 17:13:17 ip-172-19-16-129 kernel: pci 0000:03:02.7:   bridge window [mem 0x1099000000-0x1099ffffff 64bit pref]
Sep 11 17:13:17 ip-172-19-16-129 kernel: pci 0000:03:03.0: PCI bridge to [bus 1c]
Sep 11 17:13:17 ip-172-19-16-129 kernel: pci 0000:03:03.0:   bridge window [io  0x0000-0x0fff]
Sep 11 17:13:17 ip-172-19-16-129 kernel: pci 0000:03:03.0:   bridge window [mem 0xc7300000-0xc74fffff]
Sep 11 17:13:17 ip-172-19-16-129 kernel: pci 0000:03:03.0:   bridge window [mem 0x109a000000-0x109affffff 64bit pref]
Sep 11 17:13:17 ip-172-19-16-129 kernel: pci 0000:03:03.1: PCI bridge to [bus 1d]
Sep 11 17:13:17 ip-172-19-16-129 kernel: pci 0000:03:03.1:   bridge window [io  0x0000-0x0fff]
Sep 11 17:13:17 ip-172-19-16-129 kernel: pci 0000:03:03.1:   bridge window [mem 0xc7500000-0xc76fffff]
Sep 11 17:13:17 ip-172-19-16-129 kernel: pci 0000:03:03.1:   bridge window [mem 0x109b000000-0x109bffffff 64bit pref]
Sep 11 17:13:17 ip-172-19-16-129 kernel: pci 0000:03:03.2: PCI bridge to [bus 1e]
Sep 11 17:13:17 ip-172-19-16-129 kernel: pci 0000:03:03.2:   bridge window [io  0x0000-0x0fff]
Sep 11 17:13:17 ip-172-19-16-129 kernel: pci 0000:03:03.2:   bridge window [mem 0xc7700000-0xc78fffff]
Sep 11 17:13:17 ip-172-19-16-129 kernel: pci 0000:03:03.2:   bridge window [mem 0x109c000000-0x109cffffff 64bit pref]
Sep 11 17:13:17 ip-172-19-16-129 kernel: pci 0000:03:03.3: PCI bridge to [bus 1f]
Sep 11 17:13:17 ip-172-19-16-129 kernel: pci 0000:03:03.3:   bridge window [io  0x0000-0x0fff]
Sep 11 17:13:17 ip-172-19-16-129 kernel: pci 0000:03:03.3:   bridge window [mem 0xc7900000-0xc7afffff]
Sep 11 17:13:17 ip-172-19-16-129 kernel: pci 0000:03:03.3:   bridge window [mem 0x109d000000-0x109dffffff 64bit pref]
Sep 11 17:13:17 ip-172-19-16-129 kernel: pci 0000:03:03.4: PCI bridge to [bus 20]
Sep 11 17:13:17 ip-172-19-16-129 kernel: pci 0000:03:03.4:   bridge window [io  0x0000-0x0fff]
Sep 11 17:13:17 ip-172-19-16-129 kernel: pci 0000:03:03.4:   bridge window [mem 0xc7b00000-0xc7cfffff]
Sep 11 17:13:17 ip-172-19-16-129 kernel: pci 0000:03:03.4:   bridge window [mem 0x109e000000-0x109effffff 64bit pref]
Sep 11 17:13:17 ip-172-19-16-129 kernel: pci 0000:03:03.5: PCI bridge to [bus 21]
Sep 11 17:13:17 ip-172-19-16-129 kernel: pci 0000:03:03.5:   bridge window [io  0x0000-0x0fff]
Sep 11 17:13:17 ip-172-19-16-129 kernel: pci 0000:03:03.5:   bridge window [mem 0xc7d00000-0xc7efffff]
Sep 11 17:13:17 ip-172-19-16-129 kernel: pci 0000:03:03.5:   bridge window [mem 0x109f000000-0x109fffffff 64bit pref]
Sep 11 17:13:17 ip-172-19-16-129 kernel: pci 0000:03:03.6: PCI bridge to [bus 22]
Sep 11 17:13:17 ip-172-19-16-129 kernel: pci 0000:03:03.6:   bridge window [io  0x0000-0x0fff]
Sep 11 17:13:17 ip-172-19-16-129 kernel: pci 0000:03:03.6:   bridge window [mem 0xc7f00000-0xc80fffff]
Sep 11 17:13:17 ip-172-19-16-129 kernel: pci 0000:03:03.6:   bridge window [mem 0x10a0000000-0x10a0ffffff 64bit pref]
Sep 11 17:13:17 ip-172-19-16-129 kernel: pci 0000:03:03.7: PCI bridge to [bus 23]
Sep 11 17:13:17 ip-172-19-16-129 kernel: pci 0000:03:03.7:   bridge window [io  0x0000-0x0fff]
Sep 11 17:13:17 ip-172-19-16-129 kernel: pci 0000:03:03.7:   bridge window [mem 0xc8100000-0xc82fffff]
Sep 11 17:13:17 ip-172-19-16-129 kernel: pci 0000:03:03.7:   bridge window [mem 0x10a1000000-0x10a1ffffff 64bit pref]
Sep 11 17:13:17 ip-172-19-16-129 kernel: ACPI: PCI Root Bridge [PC02] (domain 0000 [bus 24-2b])
Sep 11 17:13:17 ip-172-19-16-129 kernel: acpi PNP0A08:01: _OSC: OS supports [ExtendedConfig ASPM ClockPM Segments MSI HPX-Type3]
Sep 11 17:13:17 ip-172-19-16-129 kernel: acpi PNP0A08:01: _OSC: platform does not support [SHPCHotplug AER LTR]
Sep 11 17:13:17 ip-172-19-16-129 kernel: acpi PNP0A08:01: _OSC: OS now controls [PCIeHotplug PME PCIeCapability]
Sep 11 17:13:17 ip-172-19-16-129 kernel: acpiphp: Slot [64] registered
Sep 11 17:13:17 ip-172-19-16-129 kernel: acpiphp: Slot [65] registered
Sep 11 17:13:17 ip-172-19-16-129 kernel: acpiphp: Slot [66] registered
Sep 11 17:13:17 ip-172-19-16-129 kernel: acpiphp: Slot [67] registered
Sep 11 17:13:17 ip-172-19-16-129 kernel: acpiphp: Slot [68] registered
Sep 11 17:13:17 ip-172-19-16-129 kernel: acpiphp: Slot [69] registered
Sep 11 17:13:17 ip-172-19-16-129 kernel: acpiphp: Slot [70] registered
Sep 11 17:13:17 ip-172-19-16-129 kernel: acpiphp: Slot [71] registered
Sep 11 17:13:17 ip-172-19-16-129 kernel: acpiphp: Slot [72] registered
Sep 11 17:13:17 ip-172-19-16-129 kernel: acpiphp: Slot [73] registered
Sep 11 17:13:17 ip-172-19-16-129 kernel: acpiphp: Slot [74] registered
Sep 11 17:13:17 ip-172-19-16-129 kernel: acpiphp: Slot [75] registered
Sep 11 17:13:17 ip-172-19-16-129 kernel: acpiphp: Slot [76] registered
Sep 11 17:13:17 ip-172-19-16-129 kernel: acpiphp: Slot [77] registered
Sep 11 17:13:17 ip-172-19-16-129 kernel: acpiphp: Slot [78] registered
Sep 11 17:13:17 ip-172-19-16-129 kernel: acpiphp: Slot [79] registered
Sep 11 17:13:17 ip-172-19-16-129 kernel: acpiphp: Slot [80] registered
Sep 11 17:13:17 ip-172-19-16-129 kernel: acpiphp: Slot [81] registered
Sep 11 17:13:17 ip-172-19-16-129 kernel: acpiphp: Slot [82] registered
Sep 11 17:13:17 ip-172-19-16-129 kernel: acpiphp: Slot [83] registered
Sep 11 17:13:17 ip-172-19-16-129 kernel: acpiphp: Slot [84] registered
Sep 11 17:13:17 ip-172-19-16-129 kernel: acpiphp: Slot [85] registered
Sep 11 17:13:17 ip-172-19-16-129 kernel: acpiphp: Slot [86] registered
Sep 11 17:13:17 ip-172-19-16-129 kernel: acpiphp: Slot [87] registered
Sep 11 17:13:17 ip-172-19-16-129 kernel: acpiphp: Slot [88] registered
Sep 11 17:13:17 ip-172-19-16-129 kernel: acpiphp: Slot [89] registered
Sep 11 17:13:17 ip-172-19-16-129 kernel: acpiphp: Slot [90] registered
Sep 11 17:13:17 ip-172-19-16-129 kernel: acpiphp: Slot [91] registered
Sep 11 17:13:17 ip-172-19-16-129 kernel: acpiphp: Slot [92] registered
Sep 11 17:13:17 ip-172-19-16-129 kernel: acpiphp: Slot [93] registered
Sep 11 17:13:17 ip-172-19-16-129 kernel: acpiphp: Slot [94] registered
Sep 11 17:13:17 ip-172-19-16-129 kernel: acpiphp: Slot [95] registered
Sep 11 17:13:17 ip-172-19-16-129 kernel: PCI host bridge to bus 0000:24
Sep 11 17:13:17 ip-172-19-16-129 kernel: pci_bus 0000:24: root bus resource [mem 0xc8400000-0xc90fffff window]
Sep 11 17:13:17 ip-172-19-16-129 kernel: pci_bus 0000:24: root bus resource [mem 0x10a2000000-0x10a6ffffff window]
Sep 11 17:13:17 ip-172-19-16-129 kernel: pci_bus 0000:24: root bus resource [bus 24-2b]
Sep 11 17:13:17 ip-172-19-16-129 kernel: pci 0000:24:00.0: [1d0f:0200] type 01 class 0x060400
Sep 11 17:13:17 ip-172-19-16-129 kernel: pci 0000:24:00.0: reg 0x10: [mem 0xc8400000-0xc84003ff]
Sep 11 17:13:17 ip-172-19-16-129 kernel: pci 0000:25:00.0: [1d0f:0200] type 01 class 0x060400
Sep 11 17:13:17 ip-172-19-16-129 kernel: pci 0000:25:00.0: reg 0x10: [mem 0xc8500000-0xc85003ff]
Sep 11 17:13:17 ip-172-19-16-129 kernel: pci 0000:24:00.0: PCI bridge to [bus 25-2b]
Sep 11 17:13:17 ip-172-19-16-129 kernel: pci 0000:24:00.0:   bridge window [io  0x0000-0x0fff]
Sep 11 17:13:17 ip-172-19-16-129 kernel: pci 0000:24:00.0:   bridge window [mem 0xc8500000-0xc90fffff]
Sep 11 17:13:17 ip-172-19-16-129 kernel: pci 0000:24:00.0:   bridge window [mem 0x10a2000000-0x10a6ffffff 64bit pref]
Sep 11 17:13:17 ip-172-19-16-129 kernel: pci 0000:26:00.0: [1d0f:0200] type 01 class 0x060400
Sep 11 17:13:17 ip-172-19-16-129 kernel: pci 0000:26:00.0: reg 0x10: [mem 0xc8600000-0xc86003ff]
Sep 11 17:13:17 ip-172-19-16-129 kernel: pci 0000:26:00.1: [1d0f:0200] type 01 class 0x060400
Sep 11 17:13:17 ip-172-19-16-129 kernel: pci 0000:26:00.1: reg 0x10: [mem 0xc8600400-0xc86007ff]
Sep 11 17:13:17 ip-172-19-16-129 kernel: pci 0000:26:00.2: [1d0f:0200] type 01 class 0x060400
Sep 11 17:13:17 ip-172-19-16-129 kernel: pci 0000:26:00.2: reg 0x10: [mem 0xc8600800-0xc8600bff]
Sep 11 17:13:17 ip-172-19-16-129 kernel: pci 0000:26:00.3: [1d0f:0200] type 01 class 0x060400
Sep 11 17:13:17 ip-172-19-16-129 kernel: pci 0000:26:00.3: reg 0x10: [mem 0xc8600c00-0xc8600fff]
Sep 11 17:13:17 ip-172-19-16-129 kernel: pci 0000:26:00.4: [1d0f:0200] type 01 class 0x060400
Sep 11 17:13:17 ip-172-19-16-129 kernel: pci 0000:26:00.4: reg 0x10: [mem 0xc8601000-0xc86013ff]
Sep 11 17:13:17 ip-172-19-16-129 kernel: pci 0000:25:00.0: PCI bridge to [bus 26-2b]
Sep 11 17:13:17 ip-172-19-16-129 kernel: pci 0000:25:00.0:   bridge window [io  0x0000-0x0fff]
Sep 11 17:13:17 ip-172-19-16-129 kernel: pci 0000:25:00.0:   bridge window [mem 0xc8600000-0xc90fffff]
Sep 11 17:13:17 ip-172-19-16-129 kernel: pci 0000:25:00.0:   bridge window [mem 0x10a2000000-0x10a6ffffff 64bit pref]
Sep 11 17:13:17 ip-172-19-16-129 kernel: pci 0000:27:00.0: [1d0f:ec20] type 00 class 0x020000
Sep 11 17:13:17 ip-172-19-16-129 kernel: pci 0000:27:00.0: reg 0x10: [mem 0x00000000-0x00001fff]
Sep 11 17:13:17 ip-172-19-16-129 kernel: pci 0000:27:00.0: reg 0x14: [mem 0x00000000-0x00001fff]
Sep 11 17:13:17 ip-172-19-16-129 kernel: pci 0000:27:00.0: reg 0x18: [mem 0x00000000-0x000fffff 64bit pref]
Sep 11 17:13:17 ip-172-19-16-129 kernel: pci 0000:27:00.0: enabling Extended Tags
Sep 11 17:13:17 ip-172-19-16-129 kernel: pci 0000:26:00.0: PCI bridge to [bus 27]
Sep 11 17:13:17 ip-172-19-16-129 kernel: pci 0000:26:00.0:   bridge window [io  0x0000-0x0fff]
Sep 11 17:13:17 ip-172-19-16-129 kernel: pci 0000:26:00.0:   bridge window [mem 0xc8700000-0xc88fffff]
Sep 11 17:13:17 ip-172-19-16-129 kernel: pci 0000:26:00.0:   bridge window [mem 0x10a2000000-0x10a2ffffff 64bit pref]
Sep 11 17:13:17 ip-172-19-16-129 kernel: pci 0000:26:00.1: PCI bridge to [bus 28]
Sep 11 17:13:17 ip-172-19-16-129 kernel: pci 0000:26:00.1:   bridge window [io  0x0000-0x0fff]
Sep 11 17:13:17 ip-172-19-16-129 kernel: pci 0000:26:00.1:   bridge window [mem 0xc8900000-0xc8afffff]
Sep 11 17:13:17 ip-172-19-16-129 kernel: pci 0000:26:00.1:   bridge window [mem 0x10a3000000-0x10a3ffffff 64bit pref]
Sep 11 17:13:17 ip-172-19-16-129 kernel: pci 0000:26:00.2: PCI bridge to [bus 29]
Sep 11 17:13:17 ip-172-19-16-129 kernel: pci 0000:26:00.2:   bridge window [io  0x0000-0x0fff]
Sep 11 17:13:17 ip-172-19-16-129 kernel: pci 0000:26:00.2:   bridge window [mem 0xc8b00000-0xc8cfffff]
Sep 11 17:13:17 ip-172-19-16-129 kernel: pci 0000:26:00.2:   bridge window [mem 0x10a4000000-0x10a4ffffff 64bit pref]
Sep 11 17:13:17 ip-172-19-16-129 kernel: pci 0000:26:00.3: PCI bridge to [bus 2a]
Sep 11 17:13:17 ip-172-19-16-129 kernel: pci 0000:26:00.3:   bridge window [io  0x0000-0x0fff]
Sep 11 17:13:17 ip-172-19-16-129 kernel: pci 0000:26:00.3:   bridge window [mem 0xc8d00000-0xc8efffff]
Sep 11 17:13:17 ip-172-19-16-129 kernel: pci 0000:26:00.3:   bridge window [mem 0x10a5000000-0x10a5ffffff 64bit pref]
Sep 11 17:13:17 ip-172-19-16-129 kernel: pci 0000:26:00.4: PCI bridge to [bus 2b]
Sep 11 17:13:17 ip-172-19-16-129 kernel: pci 0000:26:00.4:   bridge window [io  0x0000-0x0fff]
Sep 11 17:13:17 ip-172-19-16-129 kernel: pci 0000:26:00.4:   bridge window [mem 0xc8f00000-0xc90fffff]
Sep 11 17:13:17 ip-172-19-16-129 kernel: pci 0000:26:00.4:   bridge window [mem 0x10a6000000-0x10a6ffffff 64bit pref]
Sep 11 17:13:17 ip-172-19-16-129 kernel: ACPI: PCI Interrupt Link [LNKA] (IRQs 5 *10 11)
Sep 11 17:13:17 ip-172-19-16-129 kernel: ACPI: PCI Interrupt Link [LNKB] (IRQs 5 *10 11)
Sep 11 17:13:17 ip-172-19-16-129 kernel: ACPI: PCI Interrupt Link [LNKC] (IRQs 5 10 *11)
Sep 11 17:13:17 ip-172-19-16-129 kernel: ACPI: PCI Interrupt Link [LNKD] (IRQs 5 10 *11)
Sep 11 17:13:17 ip-172-19-16-129 kernel: ACPI: PCI Interrupt Link [LNKS] (IRQs *9)
Sep 11 17:13:17 ip-172-19-16-129 kernel: iommu: Default domain type: Translated 
Sep 11 17:13:17 ip-172-19-16-129 kernel: pci 0000:00:03.0: vgaarb: setting as boot VGA device
Sep 11 17:13:17 ip-172-19-16-129 kernel: pci 0000:00:03.0: vgaarb: VGA device added: decodes=io+mem,owns=io+mem,locks=none
Sep 11 17:13:17 ip-172-19-16-129 kernel: pci 0000:00:03.0: vgaarb: bridge control possible
Sep 11 17:13:17 ip-172-19-16-129 kernel: vgaarb: loaded
Sep 11 17:13:17 ip-172-19-16-129 kernel: EDAC MC: Ver: 3.0.0
Sep 11 17:13:17 ip-172-19-16-129 kernel: NetLabel: Initializing
Sep 11 17:13:17 ip-172-19-16-129 kernel: NetLabel:  domain hash size = 128
Sep 11 17:13:17 ip-172-19-16-129 kernel: NetLabel:  protocols = UNLABELED CIPSOv4 CALIPSO
Sep 11 17:13:17 ip-172-19-16-129 kernel: NetLabel:  unlabeled traffic allowed by default
Sep 11 17:13:17 ip-172-19-16-129 kernel: PCI: Using ACPI for IRQ routing
Sep 11 17:13:17 ip-172-19-16-129 kernel: hpet0: at MMIO 0xfed00000, IRQs 2, 8, 0, 0, 0, 0, 0, 0
Sep 11 17:13:17 ip-172-19-16-129 kernel: hpet0: 8 comparators, 32-bit 62.500000 MHz counter
Sep 11 17:13:17 ip-172-19-16-129 kernel: clocksource: Switched to clocksource kvm-clock
Sep 11 17:13:17 ip-172-19-16-129 kernel: VFS: Disk quotas dquot_6.6.0
Sep 11 17:13:17 ip-172-19-16-129 kernel: VFS: Dquot-cache hash table entries: 512 (order 0, 4096 bytes)
Sep 11 17:13:17 ip-172-19-16-129 kernel: pnp: PnP ACPI init
Sep 11 17:13:17 ip-172-19-16-129 kernel: pnp: PnP ACPI: found 5 devices
Sep 11 17:13:17 ip-172-19-16-129 kernel: clocksource: acpi_pm: mask: 0xffffff max_cycles: 0xffffff, max_idle_ns: 2085701024 ns
Sep 11 17:13:17 ip-172-19-16-129 kernel: NET: Registered protocol family 2
Sep 11 17:13:17 ip-172-19-16-129 kernel: IP idents hash table entries: 262144 (order: 9, 2097152 bytes, linear)
Sep 11 17:13:17 ip-172-19-16-129 kernel: tcp_listen_portaddr_hash hash table entries: 32768 (order: 7, 524288 bytes, linear)
Sep 11 17:13:17 ip-172-19-16-129 kernel: TCP established hash table entries: 524288 (order: 10, 4194304 bytes, linear)
Sep 11 17:13:17 ip-172-19-16-129 kernel: TCP bind hash table entries: 65536 (order: 8, 1048576 bytes, linear)
Sep 11 17:13:17 ip-172-19-16-129 kernel: TCP: Hash tables configured (established 524288 bind 65536)
Sep 11 17:13:17 ip-172-19-16-129 kernel: MPTCP token hash table entries: 65536 (order: 8, 1572864 bytes, linear)
Sep 11 17:13:17 ip-172-19-16-129 kernel: UDP hash table entries: 32768 (order: 8, 1048576 bytes, linear)
Sep 11 17:13:17 ip-172-19-16-129 kernel: UDP-Lite hash table entries: 32768 (order: 8, 1048576 bytes, linear)
Sep 11 17:13:17 ip-172-19-16-129 kernel: NET: Registered protocol family 1
Sep 11 17:13:17 ip-172-19-16-129 kernel: NET: Registered protocol family 44
Sep 11 17:13:17 ip-172-19-16-129 kernel: pci_bus 0000:00: resource 4 [io  0x0000-0x0cf7 window]
Sep 11 17:13:17 ip-172-19-16-129 kernel: pci_bus 0000:00: resource 5 [io  0x0d00-0xffff window]
Sep 11 17:13:17 ip-172-19-16-129 kernel: pci_bus 0000:00: resource 6 [mem 0x000a0000-0x000bffff window]
Sep 11 17:13:17 ip-172-19-16-129 kernel: pci_bus 0000:00: resource 7 [mem 0xc0000000-0xc3ffffff window]
Sep 11 17:13:17 ip-172-19-16-129 kernel: pci_bus 0000:00: resource 8 [mem 0x1080000000-0x1081ffffff window]
Sep 11 17:13:17 ip-172-19-16-129 kernel: pci 0000:03:00.0: PCI bridge to [bus 04]
Sep 11 17:13:17 ip-172-19-16-129 kernel: pci 0000:03:00.0:   bridge window [mem 0xc4300000-0xc44fffff]
Sep 11 17:13:17 ip-172-19-16-129 kernel: pci 0000:03:00.0:   bridge window [mem 0x1082000000-0x1082ffffff 64bit pref]
Sep 11 17:13:17 ip-172-19-16-129 kernel: pci 0000:03:00.1: PCI bridge to [bus 05]
Sep 11 17:13:17 ip-172-19-16-129 kernel: pci 0000:03:00.1:   bridge window [mem 0xc4500000-0xc46fffff]
Sep 11 17:13:17 ip-172-19-16-129 kernel: pci 0000:03:00.1:   bridge window [mem 0x1083000000-0x1083ffffff 64bit pref]
Sep 11 17:13:17 ip-172-19-16-129 kernel: pci 0000:03:00.2: PCI bridge to [bus 06]
Sep 11 17:13:17 ip-172-19-16-129 kernel: pci 0000:03:00.2:   bridge window [mem 0xc4700000-0xc48fffff]
Sep 11 17:13:17 ip-172-19-16-129 kernel: pci 0000:03:00.2:   bridge window [mem 0x1084000000-0x1084ffffff 64bit pref]
Sep 11 17:13:17 ip-172-19-16-129 kernel: pci 0000:03:00.3: PCI bridge to [bus 07]
Sep 11 17:13:17 ip-172-19-16-129 kernel: pci 0000:03:00.3:   bridge window [mem 0xc4900000-0xc4afffff]
Sep 11 17:13:17 ip-172-19-16-129 kernel: pci 0000:03:00.3:   bridge window [mem 0x1085000000-0x1085ffffff 64bit pref]
Sep 11 17:13:17 ip-172-19-16-129 kernel: pci 0000:03:00.4: PCI bridge to [bus 08]
Sep 11 17:13:17 ip-172-19-16-129 kernel: pci 0000:03:00.4:   bridge window [mem 0xc4b00000-0xc4cfffff]
Sep 11 17:13:17 ip-172-19-16-129 kernel: pci 0000:03:00.4:   bridge window [mem 0x1086000000-0x1086ffffff 64bit pref]
Sep 11 17:13:17 ip-172-19-16-129 kernel: pci 0000:03:00.5: PCI bridge to [bus 09]
Sep 11 17:13:17 ip-172-19-16-129 kernel: pci 0000:03:00.5:   bridge window [mem 0xc4d00000-0xc4efffff]
Sep 11 17:13:17 ip-172-19-16-129 kernel: pci 0000:03:00.5:   bridge window [mem 0x1087000000-0x1087ffffff 64bit pref]
Sep 11 17:13:17 ip-172-19-16-129 kernel: pci 0000:03:00.6: PCI bridge to [bus 0a]
Sep 11 17:13:17 ip-172-19-16-129 kernel: pci 0000:03:00.6:   bridge window [mem 0xc4f00000-0xc50fffff]
Sep 11 17:13:17 ip-172-19-16-129 kernel: pci 0000:03:00.6:   bridge window [mem 0x1088000000-0x1088ffffff 64bit pref]
Sep 11 17:13:17 ip-172-19-16-129 kernel: pci 0000:03:00.7: PCI bridge to [bus 0b]
Sep 11 17:13:17 ip-172-19-16-129 kernel: pci 0000:03:00.7:   bridge window [mem 0xc5100000-0xc52fffff]
Sep 11 17:13:17 ip-172-19-16-129 kernel: pci 0000:03:00.7:   bridge window [mem 0x1089000000-0x1089ffffff 64bit pref]
Sep 11 17:13:17 ip-172-19-16-129 kernel: pci 0000:03:01.0: PCI bridge to [bus 0c]
Sep 11 17:13:17 ip-172-19-16-129 kernel: pci 0000:03:01.0:   bridge window [mem 0xc5300000-0xc54fffff]
Sep 11 17:13:17 ip-172-19-16-129 kernel: pci 0000:03:01.0:   bridge window [mem 0x108a000000-0x108affffff 64bit pref]
Sep 11 17:13:17 ip-172-19-16-129 kernel: pci 0000:03:01.1: PCI bridge to [bus 0d]
Sep 11 17:13:17 ip-172-19-16-129 kernel: pci 0000:03:01.1:   bridge window [mem 0xc5500000-0xc56fffff]
Sep 11 17:13:17 ip-172-19-16-129 kernel: pci 0000:03:01.1:   bridge window [mem 0x108b000000-0x108bffffff 64bit pref]
Sep 11 17:13:17 ip-172-19-16-129 kernel: pci 0000:03:01.2: PCI bridge to [bus 0e]
Sep 11 17:13:17 ip-172-19-16-129 kernel: pci 0000:03:01.2:   bridge window [mem 0xc5700000-0xc58fffff]
Sep 11 17:13:17 ip-172-19-16-129 kernel: pci 0000:03:01.2:   bridge window [mem 0x108c000000-0x108cffffff 64bit pref]
Sep 11 17:13:17 ip-172-19-16-129 kernel: pci 0000:03:01.3: PCI bridge to [bus 0f]
Sep 11 17:13:17 ip-172-19-16-129 kernel: pci 0000:03:01.3:   bridge window [mem 0xc5900000-0xc5afffff]
Sep 11 17:13:17 ip-172-19-16-129 kernel: pci 0000:03:01.3:   bridge window [mem 0x108d000000-0x108dffffff 64bit pref]
Sep 11 17:13:17 ip-172-19-16-129 kernel: pci 0000:03:01.4: PCI bridge to [bus 10]
Sep 11 17:13:17 ip-172-19-16-129 kernel: pci 0000:03:01.4:   bridge window [mem 0xc5b00000-0xc5cfffff]
Sep 11 17:13:17 ip-172-19-16-129 kernel: pci 0000:03:01.4:   bridge window [mem 0x108e000000-0x108effffff 64bit pref]
Sep 11 17:13:17 ip-172-19-16-129 kernel: pci 0000:03:01.5: PCI bridge to [bus 11]
Sep 11 17:13:17 ip-172-19-16-129 kernel: pci 0000:03:01.5:   bridge window [mem 0xc5d00000-0xc5efffff]
Sep 11 17:13:17 ip-172-19-16-129 kernel: pci 0000:03:01.5:   bridge window [mem 0x108f000000-0x108fffffff 64bit pref]
Sep 11 17:13:17 ip-172-19-16-129 kernel: pci 0000:03:01.6: PCI bridge to [bus 12]
Sep 11 17:13:17 ip-172-19-16-129 kernel: pci 0000:03:01.6:   bridge window [mem 0xc5f00000-0xc60fffff]
Sep 11 17:13:17 ip-172-19-16-129 kernel: pci 0000:03:01.6:   bridge window [mem 0x1090000000-0x1090ffffff 64bit pref]
Sep 11 17:13:17 ip-172-19-16-129 kernel: pci 0000:03:01.7: PCI bridge to [bus 13]
Sep 11 17:13:17 ip-172-19-16-129 kernel: pci 0000:03:01.7:   bridge window [mem 0xc6100000-0xc62fffff]
Sep 11 17:13:17 ip-172-19-16-129 kernel: pci 0000:03:01.7:   bridge window [mem 0x1091000000-0x1091ffffff 64bit pref]
Sep 11 17:13:17 ip-172-19-16-129 kernel: pci 0000:03:02.0: PCI bridge to [bus 14]
Sep 11 17:13:17 ip-172-19-16-129 kernel: pci 0000:03:02.0:   bridge window [mem 0xc6300000-0xc64fffff]
Sep 11 17:13:17 ip-172-19-16-129 kernel: pci 0000:03:02.0:   bridge window [mem 0x1092000000-0x1092ffffff 64bit pref]
Sep 11 17:13:17 ip-172-19-16-129 kernel: pci 0000:03:02.1: PCI bridge to [bus 15]
Sep 11 17:13:17 ip-172-19-16-129 kernel: pci 0000:03:02.1:   bridge window [mem 0xc6500000-0xc66fffff]
Sep 11 17:13:17 ip-172-19-16-129 kernel: pci 0000:03:02.1:   bridge window [mem 0x1093000000-0x1093ffffff 64bit pref]
Sep 11 17:13:17 ip-172-19-16-129 kernel: pci 0000:03:02.2: PCI bridge to [bus 16]
Sep 11 17:13:17 ip-172-19-16-129 kernel: pci 0000:03:02.2:   bridge window [mem 0xc6700000-0xc68fffff]
Sep 11 17:13:17 ip-172-19-16-129 kernel: pci 0000:03:02.2:   bridge window [mem 0x1094000000-0x1094ffffff 64bit pref]
Sep 11 17:13:17 ip-172-19-16-129 kernel: pci 0000:03:02.3: PCI bridge to [bus 17]
Sep 11 17:13:17 ip-172-19-16-129 kernel: pci 0000:03:02.3:   bridge window [mem 0xc6900000-0xc6afffff]
Sep 11 17:13:17 ip-172-19-16-129 kernel: pci 0000:03:02.3:   bridge window [mem 0x1095000000-0x1095ffffff 64bit pref]
Sep 11 17:13:17 ip-172-19-16-129 kernel: pci 0000:03:02.4: PCI bridge to [bus 18]
Sep 11 17:13:17 ip-172-19-16-129 kernel: pci 0000:03:02.4:   bridge window [mem 0xc6b00000-0xc6cfffff]
Sep 11 17:13:17 ip-172-19-16-129 kernel: pci 0000:03:02.4:   bridge window [mem 0x1096000000-0x1096ffffff 64bit pref]
Sep 11 17:13:17 ip-172-19-16-129 kernel: pci 0000:03:02.5: PCI bridge to [bus 19]
Sep 11 17:13:17 ip-172-19-16-129 kernel: pci 0000:03:02.5:   bridge window [mem 0xc6d00000-0xc6efffff]
Sep 11 17:13:17 ip-172-19-16-129 kernel: pci 0000:03:02.5:   bridge window [mem 0x1097000000-0x1097ffffff 64bit pref]
Sep 11 17:13:17 ip-172-19-16-129 kernel: pci 0000:03:02.6: PCI bridge to [bus 1a]
Sep 11 17:13:17 ip-172-19-16-129 kernel: pci 0000:03:02.6:   bridge window [mem 0xc6f00000-0xc70fffff]
Sep 11 17:13:17 ip-172-19-16-129 kernel: pci 0000:03:02.6:   bridge window [mem 0x1098000000-0x1098ffffff 64bit pref]
Sep 11 17:13:17 ip-172-19-16-129 kernel: pci 0000:03:02.7: PCI bridge to [bus 1b]
Sep 11 17:13:17 ip-172-19-16-129 kernel: pci 0000:03:02.7:   bridge window [mem 0xc7100000-0xc72fffff]
Sep 11 17:13:17 ip-172-19-16-129 kernel: pci 0000:03:02.7:   bridge window [mem 0x1099000000-0x1099ffffff 64bit pref]
Sep 11 17:13:17 ip-172-19-16-129 kernel: pci 0000:03:03.0: PCI bridge to [bus 1c]
Sep 11 17:13:17 ip-172-19-16-129 kernel: pci 0000:03:03.0:   bridge window [mem 0xc7300000-0xc74fffff]
Sep 11 17:13:17 ip-172-19-16-129 kernel: pci 0000:03:03.0:   bridge window [mem 0x109a000000-0x109affffff 64bit pref]
Sep 11 17:13:17 ip-172-19-16-129 kernel: pci 0000:03:03.1: PCI bridge to [bus 1d]
Sep 11 17:13:17 ip-172-19-16-129 kernel: pci 0000:03:03.1:   bridge window [mem 0xc7500000-0xc76fffff]
Sep 11 17:13:17 ip-172-19-16-129 kernel: pci 0000:03:03.1:   bridge window [mem 0x109b000000-0x109bffffff 64bit pref]
Sep 11 17:13:17 ip-172-19-16-129 kernel: pci 0000:03:03.2: PCI bridge to [bus 1e]
Sep 11 17:13:17 ip-172-19-16-129 kernel: pci 0000:03:03.2:   bridge window [mem 0xc7700000-0xc78fffff]
Sep 11 17:13:17 ip-172-19-16-129 kernel: pci 0000:03:03.2:   bridge window [mem 0x109c000000-0x109cffffff 64bit pref]
Sep 11 17:13:17 ip-172-19-16-129 kernel: pci 0000:03:03.3: PCI bridge to [bus 1f]
Sep 11 17:13:17 ip-172-19-16-129 kernel: pci 0000:03:03.3:   bridge window [mem 0xc7900000-0xc7afffff]
Sep 11 17:13:17 ip-172-19-16-129 kernel: pci 0000:03:03.3:   bridge window [mem 0x109d000000-0x109dffffff 64bit pref]
Sep 11 17:13:17 ip-172-19-16-129 kernel: pci 0000:03:03.4: PCI bridge to [bus 20]
Sep 11 17:13:17 ip-172-19-16-129 kernel: pci 0000:03:03.4:   bridge window [mem 0xc7b00000-0xc7cfffff]
Sep 11 17:13:17 ip-172-19-16-129 kernel: pci 0000:03:03.4:   bridge window [mem 0x109e000000-0x109effffff 64bit pref]
Sep 11 17:13:17 ip-172-19-16-129 kernel: pci 0000:03:03.5: PCI bridge to [bus 21]
Sep 11 17:13:17 ip-172-19-16-129 kernel: pci 0000:03:03.5:   bridge window [mem 0xc7d00000-0xc7efffff]
Sep 11 17:13:17 ip-172-19-16-129 kernel: pci 0000:03:03.5:   bridge window [mem 0x109f000000-0x109fffffff 64bit pref]
Sep 11 17:13:17 ip-172-19-16-129 kernel: pci 0000:03:03.6: PCI bridge to [bus 22]
Sep 11 17:13:17 ip-172-19-16-129 kernel: pci 0000:03:03.6:   bridge window [mem 0xc7f00000-0xc80fffff]
Sep 11 17:13:17 ip-172-19-16-129 kernel: pci 0000:03:03.6:   bridge window [mem 0x10a0000000-0x10a0ffffff 64bit pref]
Sep 11 17:13:17 ip-172-19-16-129 kernel: pci 0000:03:03.7: PCI bridge to [bus 23]
Sep 11 17:13:17 ip-172-19-16-129 kernel: pci 0000:03:03.7:   bridge window [mem 0xc8100000-0xc82fffff]
Sep 11 17:13:17 ip-172-19-16-129 kernel: pci 0000:03:03.7:   bridge window [mem 0x10a1000000-0x10a1ffffff 64bit pref]
Sep 11 17:13:17 ip-172-19-16-129 kernel: pci 0000:02:00.0: PCI bridge to [bus 03-23]
Sep 11 17:13:17 ip-172-19-16-129 kernel: pci 0000:02:00.0:   bridge window [mem 0xc4200000-0xc82fffff]
Sep 11 17:13:17 ip-172-19-16-129 kernel: pci 0000:02:00.0:   bridge window [mem 0x1082000000-0x10a1ffffff 64bit pref]
Sep 11 17:13:17 ip-172-19-16-129 kernel: pci 0000:01:00.0: PCI bridge to [bus 02-23]
Sep 11 17:13:17 ip-172-19-16-129 kernel: pci 0000:01:00.0:   bridge window [mem 0xc4100000-0xc82fffff]
Sep 11 17:13:17 ip-172-19-16-129 kernel: pci 0000:01:00.0:   bridge window [mem 0x1082000000-0x10a1ffffff 64bit pref]
Sep 11 17:13:17 ip-172-19-16-129 kernel: pci_bus 0000:01: resource 4 [mem 0xc4000000-0xc82fffff window]
Sep 11 17:13:17 ip-172-19-16-129 kernel: pci_bus 0000:01: resource 5 [mem 0x1082000000-0x10a1ffffff window]
Sep 11 17:13:17 ip-172-19-16-129 kernel: pci_bus 0000:02: resource 1 [mem 0xc4100000-0xc82fffff]
Sep 11 17:13:17 ip-172-19-16-129 kernel: pci_bus 0000:02: resource 2 [mem 0x1082000000-0x10a1ffffff 64bit pref]
Sep 11 17:13:17 ip-172-19-16-129 kernel: pci_bus 0000:03: resource 1 [mem 0xc4200000-0xc82fffff]
Sep 11 17:13:17 ip-172-19-16-129 kernel: pci_bus 0000:03: resource 2 [mem 0x1082000000-0x10a1ffffff 64bit pref]
Sep 11 17:13:17 ip-172-19-16-129 kernel: pci_bus 0000:04: resource 1 [mem 0xc4300000-0xc44fffff]
Sep 11 17:13:17 ip-172-19-16-129 kernel: pci_bus 0000:04: resource 2 [mem 0x1082000000-0x1082ffffff 64bit pref]
Sep 11 17:13:17 ip-172-19-16-129 kernel: pci_bus 0000:05: resource 1 [mem 0xc4500000-0xc46fffff]
Sep 11 17:13:17 ip-172-19-16-129 kernel: pci_bus 0000:05: resource 2 [mem 0x1083000000-0x1083ffffff 64bit pref]
Sep 11 17:13:17 ip-172-19-16-129 kernel: pci_bus 0000:06: resource 1 [mem 0xc4700000-0xc48fffff]
Sep 11 17:13:17 ip-172-19-16-129 kernel: pci_bus 0000:06: resource 2 [mem 0x1084000000-0x1084ffffff 64bit pref]
Sep 11 17:13:17 ip-172-19-16-129 kernel: pci_bus 0000:07: resource 1 [mem 0xc4900000-0xc4afffff]
Sep 11 17:13:17 ip-172-19-16-129 kernel: pci_bus 0000:07: resource 2 [mem 0x1085000000-0x1085ffffff 64bit pref]
Sep 11 17:13:17 ip-172-19-16-129 kernel: pci_bus 0000:08: resource 1 [mem 0xc4b00000-0xc4cfffff]
Sep 11 17:13:17 ip-172-19-16-129 kernel: pci_bus 0000:08: resource 2 [mem 0x1086000000-0x1086ffffff 64bit pref]
Sep 11 17:13:17 ip-172-19-16-129 kernel: pci_bus 0000:09: resource 1 [mem 0xc4d00000-0xc4efffff]
Sep 11 17:13:17 ip-172-19-16-129 kernel: pci_bus 0000:09: resource 2 [mem 0x1087000000-0x1087ffffff 64bit pref]
Sep 11 17:13:17 ip-172-19-16-129 kernel: pci_bus 0000:0a: resource 1 [mem 0xc4f00000-0xc50fffff]
Sep 11 17:13:17 ip-172-19-16-129 kernel: pci_bus 0000:0a: resource 2 [mem 0x1088000000-0x1088ffffff 64bit pref]
Sep 11 17:13:17 ip-172-19-16-129 kernel: pci_bus 0000:0b: resource 1 [mem 0xc5100000-0xc52fffff]
Sep 11 17:13:17 ip-172-19-16-129 kernel: pci_bus 0000:0b: resource 2 [mem 0x1089000000-0x1089ffffff 64bit pref]
Sep 11 17:13:17 ip-172-19-16-129 kernel: pci_bus 0000:0c: resource 1 [mem 0xc5300000-0xc54fffff]
Sep 11 17:13:17 ip-172-19-16-129 kernel: pci_bus 0000:0c: resource 2 [mem 0x108a000000-0x108affffff 64bit pref]
Sep 11 17:13:17 ip-172-19-16-129 kernel: pci_bus 0000:0d: resource 1 [mem 0xc5500000-0xc56fffff]
Sep 11 17:13:17 ip-172-19-16-129 kernel: pci_bus 0000:0d: resource 2 [mem 0x108b000000-0x108bffffff 64bit pref]
Sep 11 17:13:17 ip-172-19-16-129 kernel: pci_bus 0000:0e: resource 1 [mem 0xc5700000-0xc58fffff]
Sep 11 17:13:17 ip-172-19-16-129 kernel: pci_bus 0000:0e: resource 2 [mem 0x108c000000-0x108cffffff 64bit pref]
Sep 11 17:13:17 ip-172-19-16-129 kernel: pci_bus 0000:0f: resource 1 [mem 0xc5900000-0xc5afffff]
Sep 11 17:13:17 ip-172-19-16-129 kernel: pci_bus 0000:0f: resource 2 [mem 0x108d000000-0x108dffffff 64bit pref]
Sep 11 17:13:17 ip-172-19-16-129 kernel: pci_bus 0000:10: resource 1 [mem 0xc5b00000-0xc5cfffff]
Sep 11 17:13:17 ip-172-19-16-129 kernel: pci_bus 0000:10: resource 2 [mem 0x108e000000-0x108effffff 64bit pref]
Sep 11 17:13:17 ip-172-19-16-129 kernel: pci_bus 0000:11: resource 1 [mem 0xc5d00000-0xc5efffff]
Sep 11 17:13:17 ip-172-19-16-129 kernel: pci_bus 0000:11: resource 2 [mem 0x108f000000-0x108fffffff 64bit pref]
Sep 11 17:13:17 ip-172-19-16-129 kernel: pci_bus 0000:12: resource 1 [mem 0xc5f00000-0xc60fffff]
Sep 11 17:13:17 ip-172-19-16-129 kernel: pci_bus 0000:12: resource 2 [mem 0x1090000000-0x1090ffffff 64bit pref]
Sep 11 17:13:17 ip-172-19-16-129 kernel: pci_bus 0000:13: resource 1 [mem 0xc6100000-0xc62fffff]
Sep 11 17:13:17 ip-172-19-16-129 kernel: pci_bus 0000:13: resource 2 [mem 0x1091000000-0x1091ffffff 64bit pref]
Sep 11 17:13:17 ip-172-19-16-129 kernel: pci_bus 0000:14: resource 1 [mem 0xc6300000-0xc64fffff]
Sep 11 17:13:17 ip-172-19-16-129 kernel: pci_bus 0000:14: resource 2 [mem 0x1092000000-0x1092ffffff 64bit pref]
Sep 11 17:13:17 ip-172-19-16-129 kernel: pci_bus 0000:15: resource 1 [mem 0xc6500000-0xc66fffff]
Sep 11 17:13:17 ip-172-19-16-129 kernel: pci_bus 0000:15: resource 2 [mem 0x1093000000-0x1093ffffff 64bit pref]
Sep 11 17:13:17 ip-172-19-16-129 kernel: pci_bus 0000:16: resource 1 [mem 0xc6700000-0xc68fffff]
Sep 11 17:13:17 ip-172-19-16-129 kernel: pci_bus 0000:16: resource 2 [mem 0x1094000000-0x1094ffffff 64bit pref]
Sep 11 17:13:17 ip-172-19-16-129 kernel: pci_bus 0000:17: resource 1 [mem 0xc6900000-0xc6afffff]
Sep 11 17:13:17 ip-172-19-16-129 kernel: pci_bus 0000:17: resource 2 [mem 0x1095000000-0x1095ffffff 64bit pref]
Sep 11 17:13:17 ip-172-19-16-129 kernel: pci_bus 0000:18: resource 1 [mem 0xc6b00000-0xc6cfffff]
Sep 11 17:13:17 ip-172-19-16-129 kernel: pci_bus 0000:18: resource 2 [mem 0x1096000000-0x1096ffffff 64bit pref]
Sep 11 17:13:17 ip-172-19-16-129 kernel: pci_bus 0000:19: resource 1 [mem 0xc6d00000-0xc6efffff]
Sep 11 17:13:17 ip-172-19-16-129 kernel: pci_bus 0000:19: resource 2 [mem 0x1097000000-0x1097ffffff 64bit pref]
Sep 11 17:13:17 ip-172-19-16-129 kernel: pci_bus 0000:1a: resource 1 [mem 0xc6f00000-0xc70fffff]
Sep 11 17:13:17 ip-172-19-16-129 kernel: pci_bus 0000:1a: resource 2 [mem 0x1098000000-0x1098ffffff 64bit pref]
Sep 11 17:13:17 ip-172-19-16-129 kernel: pci_bus 0000:1b: resource 1 [mem 0xc7100000-0xc72fffff]
Sep 11 17:13:17 ip-172-19-16-129 kernel: pci_bus 0000:1b: resource 2 [mem 0x1099000000-0x1099ffffff 64bit pref]
Sep 11 17:13:17 ip-172-19-16-129 kernel: pci_bus 0000:1c: resource 1 [mem 0xc7300000-0xc74fffff]
Sep 11 17:13:17 ip-172-19-16-129 kernel: pci_bus 0000:1c: resource 2 [mem 0x109a000000-0x109affffff 64bit pref]
Sep 11 17:13:17 ip-172-19-16-129 kernel: pci_bus 0000:1d: resource 1 [mem 0xc7500000-0xc76fffff]
Sep 11 17:13:17 ip-172-19-16-129 kernel: pci_bus 0000:1d: resource 2 [mem 0x109b000000-0x109bffffff 64bit pref]
Sep 11 17:13:17 ip-172-19-16-129 kernel: pci_bus 0000:1e: resource 1 [mem 0xc7700000-0xc78fffff]
Sep 11 17:13:17 ip-172-19-16-129 kernel: pci_bus 0000:1e: resource 2 [mem 0x109c000000-0x109cffffff 64bit pref]
Sep 11 17:13:17 ip-172-19-16-129 kernel: pci_bus 0000:1f: resource 1 [mem 0xc7900000-0xc7afffff]
Sep 11 17:13:17 ip-172-19-16-129 kernel: pci_bus 0000:1f: resource 2 [mem 0x109d000000-0x109dffffff 64bit pref]
Sep 11 17:13:17 ip-172-19-16-129 kernel: pci_bus 0000:20: resource 1 [mem 0xc7b00000-0xc7cfffff]
Sep 11 17:13:17 ip-172-19-16-129 kernel: pci_bus 0000:20: resource 2 [mem 0x109e000000-0x109effffff 64bit pref]
Sep 11 17:13:17 ip-172-19-16-129 kernel: pci_bus 0000:21: resource 1 [mem 0xc7d00000-0xc7efffff]
Sep 11 17:13:17 ip-172-19-16-129 kernel: pci_bus 0000:21: resource 2 [mem 0x109f000000-0x109fffffff 64bit pref]
Sep 11 17:13:17 ip-172-19-16-129 kernel: pci_bus 0000:22: resource 1 [mem 0xc7f00000-0xc80fffff]
Sep 11 17:13:17 ip-172-19-16-129 kernel: pci_bus 0000:22: resource 2 [mem 0x10a0000000-0x10a0ffffff 64bit pref]
Sep 11 17:13:17 ip-172-19-16-129 kernel: pci_bus 0000:23: resource 1 [mem 0xc8100000-0xc82fffff]
Sep 11 17:13:17 ip-172-19-16-129 kernel: pci_bus 0000:23: resource 2 [mem 0x10a1000000-0x10a1ffffff 64bit pref]
Sep 11 17:13:17 ip-172-19-16-129 kernel: pci 0000:27:00.0: BAR 2: assigned [mem 0x10a2000000-0x10a20fffff 64bit pref]
Sep 11 17:13:17 ip-172-19-16-129 kernel: pci 0000:27:00.0: BAR 0: assigned [mem 0xc8700000-0xc8701fff]
Sep 11 17:13:17 ip-172-19-16-129 kernel: pci 0000:27:00.0: BAR 1: assigned [mem 0xc8702000-0xc8703fff]
Sep 11 17:13:17 ip-172-19-16-129 kernel: pci 0000:26:00.0: PCI bridge to [bus 27]
Sep 11 17:13:17 ip-172-19-16-129 kernel: pci 0000:26:00.0:   bridge window [mem 0xc8700000-0xc88fffff]
Sep 11 17:13:17 ip-172-19-16-129 kernel: pci 0000:26:00.0:   bridge window [mem 0x10a2000000-0x10a2ffffff 64bit pref]
Sep 11 17:13:17 ip-172-19-16-129 kernel: pci 0000:26:00.1: PCI bridge to [bus 28]
Sep 11 17:13:17 ip-172-19-16-129 kernel: pci 0000:26:00.1:   bridge window [mem 0xc8900000-0xc8afffff]
Sep 11 17:13:17 ip-172-19-16-129 kernel: pci 0000:26:00.1:   bridge window [mem 0x10a3000000-0x10a3ffffff 64bit pref]
Sep 11 17:13:17 ip-172-19-16-129 kernel: pci 0000:26:00.2: PCI bridge to [bus 29]
Sep 11 17:13:17 ip-172-19-16-129 kernel: pci 0000:26:00.2:   bridge window [mem 0xc8b00000-0xc8cfffff]
Sep 11 17:13:17 ip-172-19-16-129 kernel: pci 0000:26:00.2:   bridge window [mem 0x10a4000000-0x10a4ffffff 64bit pref]
Sep 11 17:13:17 ip-172-19-16-129 kernel: pci 0000:26:00.3: PCI bridge to [bus 2a]
Sep 11 17:13:17 ip-172-19-16-129 kernel: pci 0000:26:00.3:   bridge window [mem 0xc8d00000-0xc8efffff]
Sep 11 17:13:17 ip-172-19-16-129 kernel: pci 0000:26:00.3:   bridge window [mem 0x10a5000000-0x10a5ffffff 64bit pref]
Sep 11 17:13:17 ip-172-19-16-129 kernel: pci 0000:26:00.4: PCI bridge to [bus 2b]
Sep 11 17:13:17 ip-172-19-16-129 kernel: pci 0000:26:00.4:   bridge window [mem 0xc8f00000-0xc90fffff]
Sep 11 17:13:17 ip-172-19-16-129 kernel: pci 0000:26:00.4:   bridge window [mem 0x10a6000000-0x10a6ffffff 64bit pref]
Sep 11 17:13:17 ip-172-19-16-129 kernel: pci 0000:25:00.0: PCI bridge to [bus 26-2b]
Sep 11 17:13:17 ip-172-19-16-129 kernel: pci 0000:25:00.0:   bridge window [mem 0xc8600000-0xc90fffff]
Sep 11 17:13:17 ip-172-19-16-129 kernel: pci 0000:25:00.0:   bridge window [mem 0x10a2000000-0x10a6ffffff 64bit pref]
Sep 11 17:13:17 ip-172-19-16-129 kernel: pci 0000:24:00.0: PCI bridge to [bus 25-2b]
Sep 11 17:13:17 ip-172-19-16-129 kernel: pci 0000:24:00.0:   bridge window [mem 0xc8500000-0xc90fffff]
Sep 11 17:13:17 ip-172-19-16-129 kernel: pci 0000:24:00.0:   bridge window [mem 0x10a2000000-0x10a6ffffff 64bit pref]
Sep 11 17:13:17 ip-172-19-16-129 kernel: pci_bus 0000:24: resource 4 [mem 0xc8400000-0xc90fffff window]
Sep 11 17:13:17 ip-172-19-16-129 kernel: pci_bus 0000:24: resource 5 [mem 0x10a2000000-0x10a6ffffff window]
Sep 11 17:13:17 ip-172-19-16-129 kernel: pci_bus 0000:25: resource 1 [mem 0xc8500000-0xc90fffff]
Sep 11 17:13:17 ip-172-19-16-129 kernel: pci_bus 0000:25: resource 2 [mem 0x10a2000000-0x10a6ffffff 64bit pref]
Sep 11 17:13:17 ip-172-19-16-129 kernel: pci_bus 0000:26: resource 1 [mem 0xc8600000-0xc90fffff]
Sep 11 17:13:17 ip-172-19-16-129 kernel: pci_bus 0000:26: resource 2 [mem 0x10a2000000-0x10a6ffffff 64bit pref]
Sep 11 17:13:17 ip-172-19-16-129 kernel: pci_bus 0000:27: resource 1 [mem 0xc8700000-0xc88fffff]
Sep 11 17:13:17 ip-172-19-16-129 kernel: pci_bus 0000:27: resource 2 [mem 0x10a2000000-0x10a2ffffff 64bit pref]
Sep 11 17:13:17 ip-172-19-16-129 kernel: pci_bus 0000:28: resource 1 [mem 0xc8900000-0xc8afffff]
Sep 11 17:13:17 ip-172-19-16-129 kernel: pci_bus 0000:28: resource 2 [mem 0x10a3000000-0x10a3ffffff 64bit pref]
Sep 11 17:13:17 ip-172-19-16-129 kernel: pci_bus 0000:29: resource 1 [mem 0xc8b00000-0xc8cfffff]
Sep 11 17:13:17 ip-172-19-16-129 kernel: pci_bus 0000:29: resource 2 [mem 0x10a4000000-0x10a4ffffff 64bit pref]
Sep 11 17:13:17 ip-172-19-16-129 kernel: pci_bus 0000:2a: resource 1 [mem 0xc8d00000-0xc8efffff]
Sep 11 17:13:17 ip-172-19-16-129 kernel: pci_bus 0000:2a: resource 2 [mem 0x10a5000000-0x10a5ffffff 64bit pref]
Sep 11 17:13:17 ip-172-19-16-129 kernel: pci_bus 0000:2b: resource 1 [mem 0xc8f00000-0xc90fffff]
Sep 11 17:13:17 ip-172-19-16-129 kernel: pci_bus 0000:2b: resource 2 [mem 0x10a6000000-0x10a6ffffff 64bit pref]
Sep 11 17:13:17 ip-172-19-16-129 kernel: pci 0000:00:00.0: Limiting direct PCI/PCI transfers
Sep 11 17:13:17 ip-172-19-16-129 kernel: pci 0000:00:01.0: Activating ISA DMA hang workarounds
Sep 11 17:13:17 ip-172-19-16-129 kernel: pci 0000:00:03.0: Video device with shadowed ROM at [mem 0x000c0000-0x000dffff]
Sep 11 17:13:17 ip-172-19-16-129 kernel: PCI: CLS 0 bytes, default 64
Sep 11 17:13:17 ip-172-19-16-129 kernel: Trying to unpack rootfs image as initramfs...
Sep 11 17:13:17 ip-172-19-16-129 kernel: Freeing initrd memory: 11436K
Sep 11 17:13:17 ip-172-19-16-129 kernel: PCI-DMA: Using software bounce buffering for IO (SWIOTLB)
Sep 11 17:13:17 ip-172-19-16-129 kernel: software IO TLB: mapped [mem 0x00000000bbfe8000-0x00000000bffe8000] (64MB)
Sep 11 17:13:17 ip-172-19-16-129 kernel: clocksource: tsc: mask: 0xffffffffffffffff max_cycles: 0x257a3a7b45f, max_idle_ns: 440795312762 ns
Sep 11 17:13:17 ip-172-19-16-129 kernel: clocksource: Switched to clocksource tsc
Sep 11 17:13:17 ip-172-19-16-129 kernel: check: Scanning for low memory corruption every 60 seconds
Sep 11 17:13:17 ip-172-19-16-129 kernel: Initialise system trusted keyrings
Sep 11 17:13:17 ip-172-19-16-129 kernel: Key type blacklist registered
Sep 11 17:13:17 ip-172-19-16-129 kernel: workingset: timestamp_bits=36 max_order=24 bucket_order=0
Sep 11 17:13:17 ip-172-19-16-129 kernel: zbud: loaded
Sep 11 17:13:17 ip-172-19-16-129 kernel: SGI XFS with ACLs, security attributes, quota, no debug enabled
Sep 11 17:13:17 ip-172-19-16-129 kernel: Key type asymmetric registered
Sep 11 17:13:17 ip-172-19-16-129 kernel: Asymmetric key parser 'x509' registered
Sep 11 17:13:17 ip-172-19-16-129 kernel: Block layer SCSI generic (bsg) driver version 0.4 loaded (major 250)
Sep 11 17:13:17 ip-172-19-16-129 kernel: io scheduler mq-deadline registered
Sep 11 17:13:17 ip-172-19-16-129 kernel: io scheduler kyber registered
Sep 11 17:13:17 ip-172-19-16-129 kernel: io scheduler bfq registered
Sep 11 17:13:17 ip-172-19-16-129 kernel: pcieport 0000:01:00.0: PME: Signaling with IRQ 24
Sep 11 17:13:17 ip-172-19-16-129 kernel: pcieport 0000:01:00.0: pciehp: Slot #0 AttnBtn+ PwrCtrl+ MRL- AttnInd+ PwrInd+ HotPlug+ Surprise- Interlock- NoCompl+ IbPresDis- LLActRep+
Sep 11 17:13:17 ip-172-19-16-129 kernel: pcieport 0000:03:00.0: pciehp: Slot #2 AttnBtn+ PwrCtrl+ MRL- AttnInd+ PwrInd+ HotPlug+ Surprise- Interlock- NoCompl+ IbPresDis- LLActRep+
Sep 11 17:13:17 ip-172-19-16-129 kernel: pcieport 0000:03:00.1: pciehp: Slot #3 AttnBtn+ PwrCtrl+ MRL- AttnInd+ PwrInd+ HotPlug+ Surprise- Interlock- NoCompl+ IbPresDis- LLActRep+
Sep 11 17:13:17 ip-172-19-16-129 kernel: pcieport 0000:03:00.2: pciehp: Slot #4 AttnBtn+ PwrCtrl+ MRL- AttnInd+ PwrInd+ HotPlug+ Surprise- Interlock- NoCompl+ IbPresDis- LLActRep+
Sep 11 17:13:17 ip-172-19-16-129 kernel: pcieport 0000:03:00.3: pciehp: Slot #5 AttnBtn+ PwrCtrl+ MRL- AttnInd+ PwrInd+ HotPlug+ Surprise- Interlock- NoCompl+ IbPresDis- LLActRep+
Sep 11 17:13:17 ip-172-19-16-129 kernel: pcieport 0000:03:00.4: pciehp: Slot #6 AttnBtn+ PwrCtrl+ MRL- AttnInd+ PwrInd+ HotPlug+ Surprise- Interlock- NoCompl+ IbPresDis- LLActRep+
Sep 11 17:13:17 ip-172-19-16-129 kernel: pcieport 0000:03:00.5: pciehp: Slot #7 AttnBtn+ PwrCtrl+ MRL- AttnInd+ PwrInd+ HotPlug+ Surprise- Interlock- NoCompl+ IbPresDis- LLActRep+
Sep 11 17:13:17 ip-172-19-16-129 kernel: pcieport 0000:03:00.6: pciehp: Slot #8 AttnBtn+ PwrCtrl+ MRL- AttnInd+ PwrInd+ HotPlug+ Surprise- Interlock- NoCompl+ IbPresDis- LLActRep+
Sep 11 17:13:17 ip-172-19-16-129 kernel: pcieport 0000:03:00.7: pciehp: Slot #9 AttnBtn+ PwrCtrl+ MRL- AttnInd+ PwrInd+ HotPlug+ Surprise- Interlock- NoCompl+ IbPresDis- LLActRep+
Sep 11 17:13:17 ip-172-19-16-129 kernel: pcieport 0000:03:01.0: pciehp: Slot #10 AttnBtn+ PwrCtrl+ MRL- AttnInd+ PwrInd+ HotPlug+ Surprise- Interlock- NoCompl+ IbPresDis- LLActRep+
Sep 11 17:13:17 ip-172-19-16-129 kernel: pcieport 0000:03:01.1: pciehp: Slot #11 AttnBtn+ PwrCtrl+ MRL- AttnInd+ PwrInd+ HotPlug+ Surprise- Interlock- NoCompl+ IbPresDis- LLActRep+
Sep 11 17:13:17 ip-172-19-16-129 kernel: pcieport 0000:03:01.2: pciehp: Slot #12 AttnBtn+ PwrCtrl+ MRL- AttnInd+ PwrInd+ HotPlug+ Surprise- Interlock- NoCompl+ IbPresDis- LLActRep+
Sep 11 17:13:17 ip-172-19-16-129 kernel: pcieport 0000:03:01.3: pciehp: Slot #13 AttnBtn+ PwrCtrl+ MRL- AttnInd+ PwrInd+ HotPlug+ Surprise- Interlock- NoCompl+ IbPresDis- LLActRep+
Sep 11 17:13:17 ip-172-19-16-129 kernel: pcieport 0000:03:01.4: pciehp: Slot #14 AttnBtn+ PwrCtrl+ MRL- AttnInd+ PwrInd+ HotPlug+ Surprise- Interlock- NoCompl+ IbPresDis- LLActRep+
Sep 11 17:13:17 ip-172-19-16-129 kernel: pcieport 0000:03:01.5: pciehp: Slot #15 AttnBtn+ PwrCtrl+ MRL- AttnInd+ PwrInd+ HotPlug+ Surprise- Interlock- NoCompl+ IbPresDis- LLActRep+
Sep 11 17:13:17 ip-172-19-16-129 kernel: pcieport 0000:03:01.6: pciehp: Slot #16 AttnBtn+ PwrCtrl+ MRL- AttnInd+ PwrInd+ HotPlug+ Surprise- Interlock- NoCompl+ IbPresDis- LLActRep+
Sep 11 17:13:17 ip-172-19-16-129 kernel: pcieport 0000:03:01.7: pciehp: Slot #17 AttnBtn+ PwrCtrl+ MRL- AttnInd+ PwrInd+ HotPlug+ Surprise- Interlock- NoCompl+ IbPresDis- LLActRep+
Sep 11 17:13:17 ip-172-19-16-129 kernel: pcieport 0000:03:02.0: pciehp: Slot #18 AttnBtn+ PwrCtrl+ MRL- AttnInd+ PwrInd+ HotPlug+ Surprise- Interlock- NoCompl+ IbPresDis- LLActRep+
Sep 11 17:13:17 ip-172-19-16-129 kernel: pcieport 0000:03:02.1: pciehp: Slot #19 AttnBtn+ PwrCtrl+ MRL- AttnInd+ PwrInd+ HotPlug+ Surprise- Interlock- NoCompl+ IbPresDis- LLActRep+
Sep 11 17:13:17 ip-172-19-16-129 kernel: pcieport 0000:03:02.2: pciehp: Slot #20 AttnBtn+ PwrCtrl+ MRL- AttnInd+ PwrInd+ HotPlug+ Surprise- Interlock- NoCompl+ IbPresDis- LLActRep+
Sep 11 17:13:17 ip-172-19-16-129 kernel: pcieport 0000:03:02.3: pciehp: Slot #21 AttnBtn+ PwrCtrl+ MRL- AttnInd+ PwrInd+ HotPlug+ Surprise- Interlock- NoCompl+ IbPresDis- LLActRep+
Sep 11 17:13:17 ip-172-19-16-129 kernel: pcieport 0000:03:02.4: pciehp: Slot #22 AttnBtn+ PwrCtrl+ MRL- AttnInd+ PwrInd+ HotPlug+ Surprise- Interlock- NoCompl+ IbPresDis- LLActRep+
Sep 11 17:13:17 ip-172-19-16-129 kernel: pcieport 0000:03:02.5: pciehp: Slot #23 AttnBtn+ PwrCtrl+ MRL- AttnInd+ PwrInd+ HotPlug+ Surprise- Interlock- NoCompl+ IbPresDis- LLActRep+
Sep 11 17:13:17 ip-172-19-16-129 kernel: pcieport 0000:03:02.6: pciehp: Slot #24 AttnBtn+ PwrCtrl+ MRL- AttnInd+ PwrInd+ HotPlug+ Surprise- Interlock- NoCompl+ IbPresDis- LLActRep+
Sep 11 17:13:17 ip-172-19-16-129 kernel: pcieport 0000:03:02.7: pciehp: Slot #25 AttnBtn+ PwrCtrl+ MRL- AttnInd+ PwrInd+ HotPlug+ Surprise- Interlock- NoCompl+ IbPresDis- LLActRep+
Sep 11 17:13:17 ip-172-19-16-129 kernel: pcieport 0000:03:03.0: pciehp: Slot #26 AttnBtn+ PwrCtrl+ MRL- AttnInd+ PwrInd+ HotPlug+ Surprise- Interlock- NoCompl+ IbPresDis- LLActRep+
Sep 11 17:13:17 ip-172-19-16-129 kernel: pcieport 0000:03:03.1: pciehp: Slot #27 AttnBtn+ PwrCtrl+ MRL- AttnInd+ PwrInd+ HotPlug+ Surprise- Interlock- NoCompl+ IbPresDis- LLActRep+
Sep 11 17:13:17 ip-172-19-16-129 kernel: pcieport 0000:03:03.2: pciehp: Slot #28 AttnBtn+ PwrCtrl+ MRL- AttnInd+ PwrInd+ HotPlug+ Surprise- Interlock- NoCompl+ IbPresDis- LLActRep+
Sep 11 17:13:17 ip-172-19-16-129 kernel: pcieport 0000:03:03.3: pciehp: Slot #29 AttnBtn+ PwrCtrl+ MRL- AttnInd+ PwrInd+ HotPlug+ Surprise- Interlock- NoCompl+ IbPresDis- LLActRep+
Sep 11 17:13:17 ip-172-19-16-129 kernel: pcieport 0000:03:03.4: pciehp: Slot #30 AttnBtn+ PwrCtrl+ MRL- AttnInd+ PwrInd+ HotPlug+ Surprise- Interlock- NoCompl+ IbPresDis- LLActRep+
Sep 11 17:13:17 ip-172-19-16-129 kernel: pcieport 0000:03:03.5: pciehp: Slot #31 AttnBtn+ PwrCtrl+ MRL- AttnInd+ PwrInd+ HotPlug+ Surprise- Interlock- NoCompl+ IbPresDis- LLActRep+
Sep 11 17:13:17 ip-172-19-16-129 kernel: pcieport 0000:03:03.6: pciehp: Slot #32 AttnBtn+ PwrCtrl+ MRL- AttnInd+ PwrInd+ HotPlug+ Surprise- Interlock- NoCompl+ IbPresDis- LLActRep+
Sep 11 17:13:17 ip-172-19-16-129 kernel: pcieport 0000:03:03.7: pciehp: Slot #33 AttnBtn+ PwrCtrl+ MRL- AttnInd+ PwrInd+ HotPlug+ Surprise- Interlock- NoCompl+ IbPresDis- LLActRep+
Sep 11 17:13:17 ip-172-19-16-129 kernel: pcieport 0000:24:00.0: PME: Signaling with IRQ 57
Sep 11 17:13:17 ip-172-19-16-129 kernel: pcieport 0000:24:00.0: pciehp: Slot #1 AttnBtn+ PwrCtrl+ MRL- AttnInd+ PwrInd+ HotPlug+ Surprise- Interlock- NoCompl+ IbPresDis- LLActRep+
Sep 11 17:13:17 ip-172-19-16-129 kernel: pcieport 0000:26:00.0: pciehp: Slot #34 AttnBtn+ PwrCtrl+ MRL- AttnInd+ PwrInd+ HotPlug+ Surprise- Interlock- NoCompl+ IbPresDis- LLActRep+
Sep 11 17:13:17 ip-172-19-16-129 kernel: pcieport 0000:26:00.1: pciehp: Slot #35 AttnBtn+ PwrCtrl+ MRL- AttnInd+ PwrInd+ HotPlug+ Surprise- Interlock- NoCompl+ IbPresDis- LLActRep+
Sep 11 17:13:17 ip-172-19-16-129 kernel: pcieport 0000:26:00.2: pciehp: Slot #36 AttnBtn+ PwrCtrl+ MRL- AttnInd+ PwrInd+ HotPlug+ Surprise- Interlock- NoCompl+ IbPresDis- LLActRep+
Sep 11 17:13:17 ip-172-19-16-129 kernel: pcieport 0000:26:00.3: pciehp: Slot #37 AttnBtn+ PwrCtrl+ MRL- AttnInd+ PwrInd+ HotPlug+ Surprise- Interlock- NoCompl+ IbPresDis- LLActRep+
Sep 11 17:13:17 ip-172-19-16-129 kernel: pcieport 0000:26:00.4: pciehp: Slot #38 AttnBtn+ PwrCtrl+ MRL- AttnInd+ PwrInd+ HotPlug+ Surprise- Interlock- NoCompl+ IbPresDis- LLActRep+
Sep 11 17:13:17 ip-172-19-16-129 kernel: shpchp: Standard Hot Plug PCI Controller Driver version: 0.4
Sep 11 17:13:17 ip-172-19-16-129 kernel: ACPI: \_SB_.CP00: Found 2 idle states
Sep 11 17:13:17 ip-172-19-16-129 kernel: ACPI: \_SB_.CP01: Found 2 idle states
Sep 11 17:13:17 ip-172-19-16-129 kernel: ACPI: \_SB_.CP02: Found 2 idle states
Sep 11 17:13:17 ip-172-19-16-129 kernel: ACPI: \_SB_.CP03: Found 2 idle states
Sep 11 17:13:17 ip-172-19-16-129 kernel: ACPI: \_SB_.CP04: Found 2 idle states
Sep 11 17:13:17 ip-172-19-16-129 kernel: ACPI: \_SB_.CP05: Found 2 idle states
Sep 11 17:13:17 ip-172-19-16-129 kernel: ACPI: \_SB_.CP06: Found 2 idle states
Sep 11 17:13:17 ip-172-19-16-129 kernel: ACPI: \_SB_.CP07: Found 2 idle states
Sep 11 17:13:17 ip-172-19-16-129 kernel: Serial: 8250/16550 driver, 4 ports, IRQ sharing enabled
Sep 11 17:13:17 ip-172-19-16-129 kernel: 00:04: ttyS0 at I/O 0x3f8 (irq = 4, base_baud = 115200) is a 16550A
Sep 11 17:13:17 ip-172-19-16-129 kernel: nvme nvme0: pci function 0000:00:04.0
Sep 11 17:13:17 ip-172-19-16-129 kernel: i8042: PNP: PS/2 Controller [PNP0303:KBD,PNP0f13:MOU] at 0x60,0x64 irq 1,12
Sep 11 17:13:17 ip-172-19-16-129 kernel: i8042: Warning: Keylock active
Sep 11 17:13:17 ip-172-19-16-129 kernel: nvme nvme0: 2/0/0 default/read/poll queues
Sep 11 17:13:17 ip-172-19-16-129 kernel: serio: i8042 KBD port at 0x60,0x64 irq 1
Sep 11 17:13:17 ip-172-19-16-129 kernel: nvme0n1: detected capacity change from 0 to 343597383680
Sep 11 17:13:17 ip-172-19-16-129 kernel: serio: i8042 AUX port at 0x60,0x64 irq 12
Sep 11 17:13:17 ip-172-19-16-129 kernel: rtc_cmos 00:00: RTC can wake from S4
Sep 11 17:13:17 ip-172-19-16-129 kernel: GPT:Primary header thinks Alt. header is not at the end of the disk.
Sep 11 17:13:17 ip-172-19-16-129 kernel: rtc_cmos 00:00: registered as rtc0
Sep 11 17:13:17 ip-172-19-16-129 kernel: GPT:16777215 != 671088639
Sep 11 17:13:17 ip-172-19-16-129 kernel: GPT:Alternate GPT header not at the end of the disk.
Sep 11 17:13:17 ip-172-19-16-129 kernel: GPT:16777215 != 671088639
Sep 11 17:13:17 ip-172-19-16-129 kernel: GPT: Use GNU Parted to correct GPT errors.
Sep 11 17:13:17 ip-172-19-16-129 kernel: nvme0n1: p1 p128
Sep 11 17:13:17 ip-172-19-16-129 kernel: rtc_cmos 00:00: setting system clock to 2025-09-11T17:13:17 UTC (1757610797)
Sep 11 17:13:17 ip-172-19-16-129 kernel: rtc_cmos 00:00: alarms up to one day, 114 bytes nvram
Sep 11 17:13:17 ip-172-19-16-129 kernel: hid: raw HID events driver (C) Jiri Kosina
Sep 11 17:13:17 ip-172-19-16-129 kernel: drop_monitor: Initializing network drop monitor service
Sep 11 17:13:17 ip-172-19-16-129 kernel: NET: Registered protocol family 10
Sep 11 17:13:17 ip-172-19-16-129 kernel: Segment Routing with IPv6
Sep 11 17:13:17 ip-172-19-16-129 kernel: NET: Registered protocol family 17
Sep 11 17:13:17 ip-172-19-16-129 kernel: IPI shorthand broadcast: enabled
Sep 11 17:13:17 ip-172-19-16-129 kernel: sched_clock: Marking stable (3994745686, 584077786)->(4759938796, -181115324)
Sep 11 17:13:17 ip-172-19-16-129 kernel: registered taskstats version 1
Sep 11 17:13:17 ip-172-19-16-129 kernel: Loading compiled-in X.509 certificates
Sep 11 17:13:17 ip-172-19-16-129 kernel: Loaded X.509 cert 'Build time autogenerated kernel key: b4ac092936c10d2a957cf13671dfb648ce81c585'
Sep 11 17:13:17 ip-172-19-16-129 kernel: zswap: loaded using pool lzo/zbud
Sep 11 17:13:17 ip-172-19-16-129 kernel: Key type .fscrypt registered
Sep 11 17:13:17 ip-172-19-16-129 kernel: Key type fscrypt-provisioning registered
Sep 11 17:13:17 ip-172-19-16-129 kernel: ima: No TPM chip found, activating TPM-bypass!
Sep 11 17:13:17 ip-172-19-16-129 kernel: ima: Allocated hash algorithm: sha1
Sep 11 17:13:17 ip-172-19-16-129 kernel: ima: No architecture policies found
Sep 11 17:13:17 ip-172-19-16-129 kernel: clk: Disabling unused clocks
Sep 11 17:13:17 ip-172-19-16-129 kernel: Freeing unused decrypted memory: 2036K
Sep 11 17:13:17 ip-172-19-16-129 kernel: Freeing unused kernel image (initmem) memory: 2528K
Sep 11 17:13:17 ip-172-19-16-129 kernel: Write protecting the kernel read-only data: 26624k
Sep 11 17:13:17 ip-172-19-16-129 kernel: Freeing unused kernel image (text/rodata gap) memory: 2032K
Sep 11 17:13:17 ip-172-19-16-129 kernel: Freeing unused kernel image (rodata/data gap) memory: 1644K
Sep 11 17:13:17 ip-172-19-16-129 kernel: Run /init as init process
Sep 11 17:13:17 ip-172-19-16-129 systemd[1]: systemd 219 running in system mode. (+PAM +AUDIT +SELINUX +IMA -APPARMOR +SMACK +SYSVINIT +UTMP +LIBCRYPTSETUP +GCRYPT +GNUTLS +ACL +XZ +LZ4 -SECCOMP +BLKID +ELFUTILS +KMOD +IDN)
Sep 11 17:13:17 ip-172-19-16-129 systemd[1]: Detected virtualization amazon.
Sep 11 17:13:17 ip-172-19-16-129 systemd[1]: Detected architecture x86-64.
Sep 11 17:13:17 ip-172-19-16-129 systemd[1]: Running in initial RAM disk.
Sep 11 17:13:17 ip-172-19-16-129 systemd[1]: No hostname configured.
Sep 11 17:13:17 ip-172-19-16-129 systemd[1]: Set hostname to <localhost>.
Sep 11 17:13:17 ip-172-19-16-129 systemd[1]: Initializing machine ID from VM UUID.
Sep 11 17:13:17 ip-172-19-16-129 systemd[1]: Reached target Swap.
Sep 11 17:13:17 ip-172-19-16-129 systemd[1]: Started Dispatch Password Requests to Console Directory Watch.
Sep 11 17:13:17 ip-172-19-16-129 systemd[1]: Reached target Paths.
Sep 11 17:13:17 ip-172-19-16-129 journal: Journal started
Sep 11 17:13:17 ip-172-19-16-129 systemd-udevd: starting version 219
Sep 11 17:13:17 ip-172-19-16-129 systemd-udevd: Network interface NamePolicy= disabled on kernel command line, ignoring.
Sep 11 17:13:17 ip-172-19-16-129 systemd: Started udev Coldplug all Devices.
Sep 11 17:13:17 ip-172-19-16-129 systemd: Starting dracut initqueue hook...
Sep 11 17:13:17 ip-172-19-16-129 systemd: Reached target System Initialization.
Sep 11 17:13:17 ip-172-19-16-129 systemd: Reached target Basic System.
Sep 11 17:13:18 ip-172-19-16-129 kernel: input: AT Translated Set 2 keyboard as /devices/platform/i8042/serio0/input/input0
Sep 11 17:13:18 ip-172-19-16-129 systemd: Found device Amazon Elastic Block Store /.
